Traceback (most recent call last):
  File "/Users/akpetty/miniconda3/envs/p39m/lib/python3.9/site-packages/jupyter_cache/executors/utils.py", line 58, in single_nb_execution
    executenb(
  File "/Users/akpetty/miniconda3/envs/p39m/lib/python3.9/site-packages/nbclient/client.py", line 1305, in execute
    return NotebookClient(nb=nb, resources=resources, km=km, **kwargs).execute()
  File "/Users/akpetty/miniconda3/envs/p39m/lib/python3.9/site-packages/jupyter_core/utils/__init__.py", line 173, in wrapped
    return loop.run_until_complete(inner)
  File "/Users/akpetty/miniconda3/envs/p39m/lib/python3.9/asyncio/base_events.py", line 647, in run_until_complete
    return future.result()
  File "/Users/akpetty/miniconda3/envs/p39m/lib/python3.9/site-packages/nbclient/client.py", line 705, in async_execute
    await self.async_execute_cell(
  File "/Users/akpetty/miniconda3/envs/p39m/lib/python3.9/site-packages/nbclient/client.py", line 1058, in async_execute_cell
    await self._check_raise_for_error(cell, cell_index, exec_reply)
  File "/Users/akpetty/miniconda3/envs/p39m/lib/python3.9/site-packages/nbclient/client.py", line 914, in _check_raise_for_error
    raise CellExecutionError.from_cell_and_msg(cell, exec_reply_content)
nbclient.exceptions.CellExecutionError: An error occurred while executing the following cell:
------------------
import xarray as xr 
import pandas as pd
import numpy as np
import itertools
import pyproj 
from netCDF4 import Dataset
import scipy.interpolate 
from utils.read_data_utils import read_book_data, read_IS2SITMOGR4 # Helper function for reading the data from the bucket
from utils.plotting_utils import compute_gridcell_winter_means, interactiveArcticMaps, interactive_winter_mean_maps, interactive_winter_comparison_lineplot # Plotting
from scipy import stats
import datetime
# Plotting dependencies
import cartopy.crs as ccrs
from textwrap import wrap
import hvplot.pandas
import holoviews as hv
import matplotlib.pyplot as plt
from matplotlib.axes import Axes
from cartopy.mpl.geoaxes import GeoAxes
GeoAxes._pcolormesh_patched = Axes.pcolormesh # Helps avoid some weird issues with the polar projection 
%config InlineBackend.figure_format = 'retina'
import matplotlib as mpl

import glob
from datetime import datetime

mpl.rcParams['figure.dpi'] = 200 # Sets figure size in the notebook

# Remove warnings to improve display
import warnings 
warnings.filterwarnings('ignore') 

------------------


[0;31m---------------------------------------------------------------------------[0m
[0;31mModuleNotFoundError[0m                       Traceback (most recent call last)
Cell [0;32mIn[1], line 8[0m
[1;32m      6[0m [38;5;28;01mfrom[39;00m [38;5;21;01mnetCDF4[39;00m [38;5;28;01mimport[39;00m Dataset
[1;32m      7[0m [38;5;28;01mimport[39;00m [38;5;21;01mscipy[39;00m[38;5;21;01m.[39;00m[38;5;21;01minterpolate[39;00m 
[0;32m----> 8[0m [38;5;28;01mfrom[39;00m [38;5;21;01mutils[39;00m[38;5;21;01m.[39;00m[38;5;21;01mread_data_utils[39;00m [38;5;28;01mimport[39;00m read_book_data, read_IS2SITMOGR4 [38;5;66;03m# Helper function for reading the data from the bucket[39;00m
[1;32m      9[0m [38;5;28;01mfrom[39;00m [38;5;21;01mutils[39;00m[38;5;21;01m.[39;00m[38;5;21;01mplotting_utils[39;00m [38;5;28;01mimport[39;00m compute_gridcell_winter_means, interactiveArcticMaps, interactive_winter_mean_maps, interactive_winter_comparison_lineplot [38;5;66;03m# Plotting[39;00m
[1;32m     10[0m [38;5;28;01mfrom[39;00m [38;5;21;01mscipy[39;00m [38;5;28;01mimport[39;00m stats

[0;31mModuleNotFoundError[0m: No module named 'utils'

