Traceback (most recent call last):
  File "/Users/akpetty/miniconda3/envs/is2book_p39_env/lib/python3.9/site-packages/jupyter_cache/executors/utils.py", line 58, in single_nb_execution
    executenb(
  File "/Users/akpetty/miniconda3/envs/is2book_p39_env/lib/python3.9/site-packages/nbclient/client.py", line 1305, in execute
    return NotebookClient(nb=nb, resources=resources, km=km, **kwargs).execute()
  File "/Users/akpetty/miniconda3/envs/is2book_p39_env/lib/python3.9/site-packages/jupyter_core/utils/__init__.py", line 166, in wrapped
    return loop.run_until_complete(inner)
  File "/Users/akpetty/miniconda3/envs/is2book_p39_env/lib/python3.9/asyncio/base_events.py", line 647, in run_until_complete
    return future.result()
  File "/Users/akpetty/miniconda3/envs/is2book_p39_env/lib/python3.9/site-packages/nbclient/client.py", line 705, in async_execute
    await self.async_execute_cell(
  File "/Users/akpetty/miniconda3/envs/is2book_p39_env/lib/python3.9/site-packages/nbclient/client.py", line 1058, in async_execute_cell
    await self._check_raise_for_error(cell, cell_index, exec_reply)
  File "/Users/akpetty/miniconda3/envs/is2book_p39_env/lib/python3.9/site-packages/nbclient/client.py", line 914, in _check_raise_for_error
    raise CellExecutionError.from_cell_and_msg(cell, exec_reply_content)
nbclient.exceptions.CellExecutionError: An error occurred while executing the following cell:
------------------
# Plot the individual monthly IS-2 summer thickness data 

# Select only the summer months
summer_months = [5, 6, 7, 8]  # May=5, June=6, July=7, August=8
IS2_CS2_summer = IS2_CS2_allseason.sel(time=IS2_CS2_allseason.time.dt.month.isin(summer_months))

# Group by year for plotting purposes
grouped_by_year = IS2_CS2_summer.groupby('time.year')

fig, axes = plt.subplots(nrows=len(grouped_by_year.groups), ncols=len(summer_months), 
                         subplot_kw={'projection': ccrs.NorthPolarStereo(central_longitude=-45)},
                         figsize=(7, 6.1))

# Iterate over each year
for year_idx, (year, year_data) in enumerate(grouped_by_year):
    #print(year_idx)# Group by month within each year
    grouped_by_month = year_data.groupby('time.month')
    
    for month_idx, (month, month_data) in enumerate(grouped_by_month):
        ax = axes[year_idx, month_idx]
        im = month_data.isel(time=0)['ice_thickness_sm_int'].plot(ax=ax, x="longitude", y="latitude", 
                                                          transform=ccrs.PlateCarree(), cmap="viridis", 
                                                          vmin=0, vmax=5, add_colorbar=False)
        
        ice_conc = month_data.isel(time=0)['sea_ice_conc']
        lons=ice_conc.longitude
        lats=ice_conc.latitude
        #print(lons.shape)
        mask_pos = lons >= 0
        mask_neg = lons < 0
        
        # Plot contours for positive longitudes
        cs_pos = ax.contour(lons.where(mask_pos), lats, ice_conc.where(mask_pos), 
                            levels=[0.5], colors='c', linewidths=0.7,
                            transform=ccrs.PlateCarree())
        
        # Plot contours for negative longitudes
        cs_neg = ax.contour(lons.where(mask_neg), lats, ice_conc.where(mask_neg), 
                            levels=[0.5], colors='c', linewidths=0.7 ,
                            transform=ccrs.PlateCarree())
        
        ax.set_extent([-179, 179, 66, 90], crs=ccrs.PlateCarree())
        ax.text(0.98, 0.9, f'{year}-{month:02d}', transform=ax.transAxes, va='bottom', ha='right')
        ax.set_title('')
        ax.coastlines(linewidth=0.15, color = 'black', zorder = 2) # Coastlines
        ax.add_feature(cfeature.LAND, color ='0.95', zorder = 1)    # Land
         #ax.add_feature(cfeature.LAKES, color = 'grey', zorder = 5)  # Lakes
        ax.gridlines(draw_labels=False, linewidth=0.25, color='gray', alpha=0.7, linestyle='--', zorder=3) # Gridlines

axes[2, 3].set_visible(False)  

# Add a colorbar at the bottom
cbar = fig.colorbar(im, ax=axes, orientation='horizontal', extend='both', fraction=0.03, pad=0.1)
cbar.set_label('Sea ice thickness (m)')
plt.subplots_adjust(left=0.02, right=0.98, top=0.98, bottom=0.15, wspace=0.01, hspace=0.03)

plt.savefig('./figs/maps_is2_summer_months_int.png', dpi=300, facecolor="white")
plt.show()
------------------


[0;31m---------------------------------------------------------------------------[0m
[0;31mKeyboardInterrupt[0m                         Traceback (most recent call last)
Cell [0;32mIn[10], line 58[0m
[1;32m     55[0m plt[38;5;241m.[39msubplots_adjust(left[38;5;241m=[39m[38;5;241m0.02[39m, right[38;5;241m=[39m[38;5;241m0.98[39m, top[38;5;241m=[39m[38;5;241m0.98[39m, bottom[38;5;241m=[39m[38;5;241m0.15[39m, wspace[38;5;241m=[39m[38;5;241m0.01[39m, hspace[38;5;241m=[39m[38;5;241m0.03[39m)
[1;32m     57[0m plt[38;5;241m.[39msavefig([38;5;124m'[39m[38;5;124m./figs/maps_is2_summer_months_int.png[39m[38;5;124m'[39m, dpi[38;5;241m=[39m[38;5;241m300[39m, facecolor[38;5;241m=[39m[38;5;124m"[39m[38;5;124mwhite[39m[38;5;124m"[39m)
[0;32m---> 58[0m [43mplt[49m[38;5;241;43m.[39;49m[43mshow[49m[43m([49m[43m)[49m

File [0;32m~/miniconda3/envs/is2book_p39_env/lib/python3.9/site-packages/matplotlib/pyplot.py:378[0m, in [0;36mshow[0;34m(*args, **kwargs)[0m
[1;32m    334[0m [38;5;250m[39m[38;5;124;03m"""[39;00m
[1;32m    335[0m [38;5;124;03mDisplay all open figures.[39;00m
[1;32m    336[0m 
[0;32m   (...)[0m
[1;32m    375[0m [38;5;124;03mexplicitly there.[39;00m
[1;32m    376[0m [38;5;124;03m"""[39;00m
[1;32m    377[0m _warn_if_gui_out_of_main_thread()
[0;32m--> 378[0m [38;5;28;01mreturn[39;00m [43m_backend_mod[49m[38;5;241;43m.[39;49m[43mshow[49m[43m([49m[38;5;241;43m*[39;49m[43margs[49m[43m,[49m[43m [49m[38;5;241;43m*[39;49m[38;5;241;43m*[39;49m[43mkwargs[49m[43m)[49m

File [0;32m~/miniconda3/envs/is2book_p39_env/lib/python3.9/site-packages/matplotlib_inline/backend_inline.py:90[0m, in [0;36mshow[0;34m(close, block)[0m
[1;32m     88[0m [38;5;28;01mtry[39;00m:
[1;32m     89[0m     [38;5;28;01mfor[39;00m figure_manager [38;5;129;01min[39;00m Gcf[38;5;241m.[39mget_all_fig_managers():
[0;32m---> 90[0m         [43mdisplay[49m[43m([49m
[1;32m     91[0m [43m            [49m[43mfigure_manager[49m[38;5;241;43m.[39;49m[43mcanvas[49m[38;5;241;43m.[39;49m[43mfigure[49m[43m,[49m
[1;32m     92[0m [43m            [49m[43mmetadata[49m[38;5;241;43m=[39;49m[43m_fetch_figure_metadata[49m[43m([49m[43mfigure_manager[49m[38;5;241;43m.[39;49m[43mcanvas[49m[38;5;241;43m.[39;49m[43mfigure[49m[43m)[49m
[1;32m     93[0m [43m        [49m[43m)[49m
[1;32m     94[0m [38;5;28;01mfinally[39;00m:
[1;32m     95[0m     show[38;5;241m.[39m_to_draw [38;5;241m=[39m []

File [0;32m~/miniconda3/envs/is2book_p39_env/lib/python3.9/site-packages/IPython/core/display_functions.py:298[0m, in [0;36mdisplay[0;34m(include, exclude, metadata, transient, display_id, raw, clear, *objs, **kwargs)[0m
[1;32m    296[0m     publish_display_data(data[38;5;241m=[39mobj, metadata[38;5;241m=[39mmetadata, [38;5;241m*[39m[38;5;241m*[39mkwargs)
[1;32m    297[0m [38;5;28;01melse[39;00m:
[0;32m--> 298[0m     format_dict, md_dict [38;5;241m=[39m [38;5;28;43mformat[39;49m[43m([49m[43mobj[49m[43m,[49m[43m [49m[43minclude[49m[38;5;241;43m=[39;49m[43minclude[49m[43m,[49m[43m [49m[43mexclude[49m[38;5;241;43m=[39;49m[43mexclude[49m[43m)[49m
[1;32m    299[0m     [38;5;28;01mif[39;00m [38;5;129;01mnot[39;00m format_dict:
[1;32m    300[0m         [38;5;66;03m# nothing to display (e.g. _ipython_display_ took over)[39;00m
[1;32m    301[0m         [38;5;28;01mcontinue[39;00m

File [0;32m~/miniconda3/envs/is2book_p39_env/lib/python3.9/site-packages/IPython/core/formatters.py:179[0m, in [0;36mDisplayFormatter.format[0;34m(self, obj, include, exclude)[0m
[1;32m    177[0m md [38;5;241m=[39m [38;5;28;01mNone[39;00m
[1;32m    178[0m [38;5;28;01mtry[39;00m:
[0;32m--> 179[0m     data [38;5;241m=[39m [43mformatter[49m[43m([49m[43mobj[49m[43m)[49m
[1;32m    180[0m [38;5;28;01mexcept[39;00m:
[1;32m    181[0m     [38;5;66;03m# FIXME: log the exception[39;00m
[1;32m    182[0m     [38;5;28;01mraise[39;00m

File [0;32m~/miniconda3/envs/is2book_p39_env/lib/python3.9/site-packages/decorator.py:232[0m, in [0;36mdecorate.<locals>.fun[0;34m(*args, **kw)[0m
[1;32m    230[0m [38;5;28;01mif[39;00m [38;5;129;01mnot[39;00m kwsyntax:
[1;32m    231[0m     args, kw [38;5;241m=[39m fix(args, kw, sig)
[0;32m--> 232[0m [38;5;28;01mreturn[39;00m [43mcaller[49m[43m([49m[43mfunc[49m[43m,[49m[43m [49m[38;5;241;43m*[39;49m[43m([49m[43mextras[49m[43m [49m[38;5;241;43m+[39;49m[43m [49m[43margs[49m[43m)[49m[43m,[49m[43m [49m[38;5;241;43m*[39;49m[38;5;241;43m*[39;49m[43mkw[49m[43m)[49m

File [0;32m~/miniconda3/envs/is2book_p39_env/lib/python3.9/site-packages/IPython/core/formatters.py:223[0m, in [0;36mcatch_format_error[0;34m(method, self, *args, **kwargs)[0m
[1;32m    221[0m [38;5;250m[39m[38;5;124;03m"""show traceback on failed format call"""[39;00m
[1;32m    222[0m [38;5;28;01mtry[39;00m:
[0;32m--> 223[0m     r [38;5;241m=[39m [43mmethod[49m[43m([49m[38;5;28;43mself[39;49m[43m,[49m[43m [49m[38;5;241;43m*[39;49m[43margs[49m[43m,[49m[43m [49m[38;5;241;43m*[39;49m[38;5;241;43m*[39;49m[43mkwargs[49m[43m)[49m
[1;32m    224[0m [38;5;28;01mexcept[39;00m [38;5;167;01mNotImplementedError[39;00m:
[1;32m    225[0m     [38;5;66;03m# don't warn on NotImplementedErrors[39;00m
[1;32m    226[0m     [38;5;28;01mreturn[39;00m [38;5;28mself[39m[38;5;241m.[39m_check_return([38;5;28;01mNone[39;00m, args[[38;5;241m0[39m])

File [0;32m~/miniconda3/envs/is2book_p39_env/lib/python3.9/site-packages/IPython/core/formatters.py:340[0m, in [0;36mBaseFormatter.__call__[0;34m(self, obj)[0m
[1;32m    338[0m     [38;5;28;01mpass[39;00m
[1;32m    339[0m [38;5;28;01melse[39;00m:
[0;32m--> 340[0m     [38;5;28;01mreturn[39;00m [43mprinter[49m[43m([49m[43mobj[49m[43m)[49m
[1;32m    341[0m [38;5;66;03m# Finally look for special method names[39;00m
[1;32m    342[0m method [38;5;241m=[39m get_real_method(obj, [38;5;28mself[39m[38;5;241m.[39mprint_method)

File [0;32m~/miniconda3/envs/is2book_p39_env/lib/python3.9/site-packages/IPython/core/pylabtools.py:152[0m, in [0;36mprint_figure[0;34m(fig, fmt, bbox_inches, base64, **kwargs)[0m
[1;32m    149[0m     [38;5;28;01mfrom[39;00m [38;5;21;01mmatplotlib[39;00m[38;5;21;01m.[39;00m[38;5;21;01mbackend_bases[39;00m [38;5;28;01mimport[39;00m FigureCanvasBase
[1;32m    150[0m     FigureCanvasBase(fig)
[0;32m--> 152[0m [43mfig[49m[38;5;241;43m.[39;49m[43mcanvas[49m[38;5;241;43m.[39;49m[43mprint_figure[49m[43m([49m[43mbytes_io[49m[43m,[49m[43m [49m[38;5;241;43m*[39;49m[38;5;241;43m*[39;49m[43mkw[49m[43m)[49m
[1;32m    153[0m data [38;5;241m=[39m bytes_io[38;5;241m.[39mgetvalue()
[1;32m    154[0m [38;5;28;01mif[39;00m fmt [38;5;241m==[39m [38;5;124m'[39m[38;5;124msvg[39m[38;5;124m'[39m:

File [0;32m~/miniconda3/envs/is2book_p39_env/lib/python3.9/site-packages/matplotlib/backend_bases.py:2255[0m, in [0;36mFigureCanvasBase.print_figure[0;34m(self, filename, dpi, facecolor, edgecolor, orientation, format, bbox_inches, pad_inches, bbox_extra_artists, backend, **kwargs)[0m
[1;32m   2251[0m [38;5;28;01mtry[39;00m:
[1;32m   2252[0m     [38;5;66;03m# _get_renderer may change the figure dpi (as vector formats[39;00m
[1;32m   2253[0m     [38;5;66;03m# force the figure dpi to 72), so we need to set it again here.[39;00m
[1;32m   2254[0m     [38;5;28;01mwith[39;00m cbook[38;5;241m.[39m_setattr_cm([38;5;28mself[39m[38;5;241m.[39mfigure, dpi[38;5;241m=[39mdpi):
[0;32m-> 2255[0m         result [38;5;241m=[39m [43mprint_method[49m[43m([49m
[1;32m   2256[0m [43m            [49m[43mfilename[49m[43m,[49m
[1;32m   2257[0m [43m            [49m[43mfacecolor[49m[38;5;241;43m=[39;49m[43mfacecolor[49m[43m,[49m
[1;32m   2258[0m [43m            [49m[43medgecolor[49m[38;5;241;43m=[39;49m[43medgecolor[49m[43m,[49m
[1;32m   2259[0m [43m            [49m[43morientation[49m[38;5;241;43m=[39;49m[43morientation[49m[43m,[49m
[1;32m   2260[0m [43m            [49m[43mbbox_inches_restore[49m[38;5;241;43m=[39;49m[43m_bbox_inches_restore[49m[43m,[49m
[1;32m   2261[0m [43m            [49m[38;5;241;43m*[39;49m[38;5;241;43m*[39;49m[43mkwargs[49m[43m)[49m
[1;32m   2262[0m [38;5;28;01mfinally[39;00m:
[1;32m   2263[0m     [38;5;28;01mif[39;00m bbox_inches [38;5;129;01mand[39;00m restore_bbox:

File [0;32m~/miniconda3/envs/is2book_p39_env/lib/python3.9/site-packages/matplotlib/backend_bases.py:1669[0m, in [0;36m_check_savefig_extra_args.<locals>.wrapper[0;34m(*args, **kwargs)[0m
[1;32m   1661[0m     _api[38;5;241m.[39mwarn_deprecated(
[1;32m   1662[0m         [38;5;124m'[39m[38;5;124m3.3[39m[38;5;124m'[39m, name[38;5;241m=[39mname,
[1;32m   1663[0m         message[38;5;241m=[39m[38;5;124m'[39m[38;5;132;01m%(name)s[39;00m[38;5;124m() got unexpected keyword argument [39m[38;5;124m"[39m[38;5;124m'[39m
[1;32m   1664[0m                 [38;5;241m+[39m arg [38;5;241m+[39m [38;5;124m'[39m[38;5;124m"[39m[38;5;124m which is no longer supported as of [39m[38;5;124m'[39m
[1;32m   1665[0m                 [38;5;124m'[39m[38;5;132;01m%(since)s[39;00m[38;5;124m and will become an error [39m[38;5;124m'[39m
[1;32m   1666[0m                 [38;5;124m'[39m[38;5;132;01m%(removal)s[39;00m[38;5;124m'[39m)
[1;32m   1667[0m     kwargs[38;5;241m.[39mpop(arg)
[0;32m-> 1669[0m [38;5;28;01mreturn[39;00m [43mfunc[49m[43m([49m[38;5;241;43m*[39;49m[43margs[49m[43m,[49m[43m [49m[38;5;241;43m*[39;49m[38;5;241;43m*[39;49m[43mkwargs[49m[43m)[49m

File [0;32m~/miniconda3/envs/is2book_p39_env/lib/python3.9/site-packages/matplotlib/backends/backend_agg.py:509[0m, in [0;36mFigureCanvasAgg.print_png[0;34m(self, filename_or_obj, metadata, pil_kwargs, *args)[0m
[1;32m    462[0m [38;5;250m[39m[38;5;124;03m"""[39;00m
[1;32m    463[0m [38;5;124;03mWrite the figure to a PNG file.[39;00m
[1;32m    464[0m 
[0;32m   (...)[0m
[1;32m    506[0m [38;5;124;03m    *metadata*, including the default 'Software' key.[39;00m
[1;32m    507[0m [38;5;124;03m"""[39;00m
[1;32m    508[0m FigureCanvasAgg[38;5;241m.[39mdraw([38;5;28mself[39m)
[0;32m--> 509[0m [43mmpl[49m[38;5;241;43m.[39;49m[43mimage[49m[38;5;241;43m.[39;49m[43mimsave[49m[43m([49m
[1;32m    510[0m [43m    [49m[43mfilename_or_obj[49m[43m,[49m[43m [49m[38;5;28;43mself[39;49m[38;5;241;43m.[39;49m[43mbuffer_rgba[49m[43m([49m[43m)[49m[43m,[49m[43m [49m[38;5;28;43mformat[39;49m[38;5;241;43m=[39;49m[38;5;124;43m"[39;49m[38;5;124;43mpng[39;49m[38;5;124;43m"[39;49m[43m,[49m[43m [49m[43morigin[49m[38;5;241;43m=[39;49m[38;5;124;43m"[39;49m[38;5;124;43mupper[39;49m[38;5;124;43m"[39;49m[43m,[49m
[1;32m    511[0m [43m    [49m[43mdpi[49m[38;5;241;43m=[39;49m[38;5;28;43mself[39;49m[38;5;241;43m.[39;49m[43mfigure[49m[38;5;241;43m.[39;49m[43mdpi[49m[43m,[49m[43m [49m[43mmetadata[49m[38;5;241;43m=[39;49m[43mmetadata[49m[43m,[49m[43m [49m[43mpil_kwargs[49m[38;5;241;43m=[39;49m[43mpil_kwargs[49m[43m)[49m

File [0;32m~/miniconda3/envs/is2book_p39_env/lib/python3.9/site-packages/matplotlib/image.py:1616[0m, in [0;36mimsave[0;34m(fname, arr, vmin, vmax, cmap, format, origin, dpi, metadata, pil_kwargs)[0m
[1;32m   1614[0m pil_kwargs[38;5;241m.[39msetdefault([38;5;124m"[39m[38;5;124mformat[39m[38;5;124m"[39m, [38;5;28mformat[39m)
[1;32m   1615[0m pil_kwargs[38;5;241m.[39msetdefault([38;5;124m"[39m[38;5;124mdpi[39m[38;5;124m"[39m, (dpi, dpi))
[0;32m-> 1616[0m [43mimage[49m[38;5;241;43m.[39;49m[43msave[49m[43m([49m[43mfname[49m[43m,[49m[43m [49m[38;5;241;43m*[39;49m[38;5;241;43m*[39;49m[43mpil_kwargs[49m[43m)[49m

File [0;32m~/miniconda3/envs/is2book_p39_env/lib/python3.9/site-packages/PIL/Image.py:2320[0m, in [0;36mImage.save[0;34m(self, fp, format, **params)[0m
[1;32m   2317[0m         fp [38;5;241m=[39m builtins[38;5;241m.[39mopen(filename, [38;5;124m"[39m[38;5;124mw+b[39m[38;5;124m"[39m)
[1;32m   2319[0m [38;5;28;01mtry[39;00m:
[0;32m-> 2320[0m     [43msave_handler[49m[43m([49m[38;5;28;43mself[39;49m[43m,[49m[43m [49m[43mfp[49m[43m,[49m[43m [49m[43mfilename[49m[43m)[49m
[1;32m   2321[0m [38;5;28;01mexcept[39;00m [38;5;167;01mException[39;00m:
[1;32m   2322[0m     [38;5;28;01mif[39;00m open_fp:

File [0;32m~/miniconda3/envs/is2book_p39_env/lib/python3.9/site-packages/PIL/PngImagePlugin.py:1374[0m, in [0;36m_save[0;34m(im, fp, filename, chunk, save_all)[0m
[1;32m   1372[0m     _write_multiple_frames(im, fp, chunk, rawmode)
[1;32m   1373[0m [38;5;28;01melse[39;00m:
[0;32m-> 1374[0m     [43mImageFile[49m[38;5;241;43m.[39;49m[43m_save[49m[43m([49m[43mim[49m[43m,[49m[43m [49m[43m_idat[49m[43m([49m[43mfp[49m[43m,[49m[43m [49m[43mchunk[49m[43m)[49m[43m,[49m[43m [49m[43m[[49m[43m([49m[38;5;124;43m"[39;49m[38;5;124;43mzip[39;49m[38;5;124;43m"[39;49m[43m,[49m[43m [49m[43m([49m[38;5;241;43m0[39;49m[43m,[49m[43m [49m[38;5;241;43m0[39;49m[43m)[49m[43m [49m[38;5;241;43m+[39;49m[43m [49m[43mim[49m[38;5;241;43m.[39;49m[43msize[49m[43m,[49m[43m [49m[38;5;241;43m0[39;49m[43m,[49m[43m [49m[43mrawmode[49m[43m)[49m[43m][49m[43m)[49m
[1;32m   1376[0m [38;5;28;01mif[39;00m info:
[1;32m   1377[0m     [38;5;28;01mfor[39;00m info_chunk [38;5;129;01min[39;00m info[38;5;241m.[39mchunks:

File [0;32m~/miniconda3/envs/is2book_p39_env/lib/python3.9/site-packages/PIL/ImageFile.py:518[0m, in [0;36m_save[0;34m(im, fp, tile, bufsize)[0m
[1;32m    515[0m [38;5;28;01mif[39;00m exc:
[1;32m    516[0m     [38;5;66;03m# compress to Python file-compatible object[39;00m
[1;32m    517[0m     [38;5;28;01mwhile[39;00m [38;5;28;01mTrue[39;00m:
[0;32m--> 518[0m         l, s, d [38;5;241m=[39m [43mencoder[49m[38;5;241;43m.[39;49m[43mencode[49m[43m([49m[43mbufsize[49m[43m)[49m
[1;32m    519[0m         fp[38;5;241m.[39mwrite(d)
[1;32m    520[0m         [38;5;28;01mif[39;00m s:

[0;31mKeyboardInterrupt[0m: 

