Traceback (most recent call last):
  File "/Users/akpetty/miniconda3/envs/is2book_p39_env/lib/python3.9/site-packages/jupyter_cache/executors/utils.py", line 58, in single_nb_execution
    executenb(
  File "/Users/akpetty/miniconda3/envs/is2book_p39_env/lib/python3.9/site-packages/nbclient/client.py", line 1305, in execute
    return NotebookClient(nb=nb, resources=resources, km=km, **kwargs).execute()
  File "/Users/akpetty/miniconda3/envs/is2book_p39_env/lib/python3.9/site-packages/jupyter_core/utils/__init__.py", line 166, in wrapped
    return loop.run_until_complete(inner)
  File "/Users/akpetty/miniconda3/envs/is2book_p39_env/lib/python3.9/asyncio/base_events.py", line 647, in run_until_complete
    return future.result()
  File "/Users/akpetty/miniconda3/envs/is2book_p39_env/lib/python3.9/site-packages/nbclient/client.py", line 705, in async_execute
    await self.async_execute_cell(
  File "/Users/akpetty/miniconda3/envs/is2book_p39_env/lib/python3.9/site-packages/nbclient/client.py", line 1058, in async_execute_cell
    await self._check_raise_for_error(cell, cell_index, exec_reply)
  File "/Users/akpetty/miniconda3/envs/is2book_p39_env/lib/python3.9/site-packages/nbclient/client.py", line 914, in _check_raise_for_error
    raise CellExecutionError.from_cell_and_msg(cell, exec_reply_content)
nbclient.exceptions.CellExecutionError: An error occurred while executing the following cell:
------------------
import matplotlib.pyplot as plt
import pandas as pd

# Define a function to create plots for a given option
def create_comb_plot_matplotlib(option):
    print(option)
    # Set the figure size to 6.8 inches wide and adjust the height accordingly
    fig, axes = plt.subplots(3, 1, figsize=(6.8, 7), sharex=True)

    # Adjust font sizes
    plt.rcParams.update({
        "font.size": 8,
        "axes.titlesize": 8,
        "axes.labelsize": 8,
        "xtick.labelsize": 8,
        "ytick.labelsize": 8,
        "legend.fontsize": 8
    })

    # Plot for ULS A
    axes[0].plot(uls_mean_daily_draft_a.index, uls_mean_daily_draft_a, label="Daily ULS", color='gray', linewidth=0.6, alpha=0.8)
    axes[0].plot(uls_mean_monthly_draft_a.index.to_timestamp() + pd.Timedelta(days=14), uls_mean_monthly_draft_a, label="Monthly ULS", linestyle='--', color='k')
    axes[0].scatter(IS2_date_range, monthly_IS2_at_ULS_a_options[option], label=option, color='m', marker='x')
    #axes[0].scatter(IS2_date_range, uls_mean_monthly_draft_a_IS2_period, label=option, color='m', marker='x')
    
    axes[0].annotate('(a) ULS A', xy=(0.02, 0.98), xycoords='axes fraction', verticalalignment='top')
    axes[0].set_ylabel('Sea ice draft (m)')
    axes[0].legend(loc='upper right', frameon=False, ncols=3)

    # Plot for ULS B
    axes[1].plot(uls_mean_daily_draft_b.index, uls_mean_daily_draft_b, label="Daily ULS", color='gray', linewidth=0.6, alpha=0.8)
    axes[1].plot(uls_mean_monthly_draft_b.index.to_timestamp() + pd.Timedelta(days=14), uls_mean_monthly_draft_b, label="Monthly ULS", linestyle='--', color='k')
    axes[1].scatter(IS2_date_range, monthly_IS2_at_ULS_b_options[option], label=option, color='m', marker='x')
    #axes[1].scatter(uls_mean_monthly_draft_b.index.to_timestamp() + pd.Timedelta(days=14), uls_mean_monthly_draft_b, label=option, color='b', marker='x')
    axes[1].annotate('(b) ULS B', xy=(0.02, 0.98), xycoords='axes fraction', verticalalignment='top')
    axes[1].set_ylabel('Sea ice draft (m)')

    # Plot for ULS D
    axes[2].plot(uls_mean_daily_draft_d.index, uls_mean_daily_draft_d, label="Daily ULS", color='gray', linewidth=0.6, alpha=0.8)
    axes[2].plot(uls_mean_monthly_draft_d.index.to_timestamp() + pd.Timedelta(days=14), uls_mean_monthly_draft_d, label="Monthly ULS", linestyle='--', color='k')
    #axes[2].scatter(IS2_date_range, uls_mean_monthly_draft_d_IS2_period , label=option, color='m', marker='x')
    axes[2].scatter(IS2_date_range, monthly_IS2_at_ULS_d_options[option] , label=option, color='m', marker='x')
    axes[2].annotate('(c) ULS D', xy=(0.02, 0.98), xycoords='axes fraction', verticalalignment='top')
    axes[2].set_ylabel('Sea ice draft (m)')
    axes[2].set_xlabel('Date')

    plt.subplots_adjust(left=0.065, right=0.99, top=0.95, bottom=0.09, hspace=0.11)  # Adjust these values to reduce whitespace

    plt.show()

# Example usage
create_comb_plot_matplotlib('IS-2/NSIM')
------------------

----- stdout -----
IS-2/NSIM
------------------

[0;31m---------------------------------------------------------------------------[0m
[0;31mTypeError[0m                                 Traceback (most recent call last)
Cell [0;32mIn[25], line 52[0m
[1;32m     49[0m     plt[38;5;241m.[39mshow()
[1;32m     51[0m [38;5;66;03m# Example usage[39;00m
[0;32m---> 52[0m [43mcreate_comb_plot_matplotlib[49m[43m([49m[38;5;124;43m'[39;49m[38;5;124;43mIS-2/NSIM[39;49m[38;5;124;43m'[39;49m[43m)[49m

Cell [0;32mIn[25], line 28[0m, in [0;36mcreate_comb_plot_matplotlib[0;34m(option)[0m
[1;32m     26[0m axes[[38;5;241m0[39m][38;5;241m.[39mannotate([38;5;124m'[39m[38;5;124m(a) ULS A[39m[38;5;124m'[39m, xy[38;5;241m=[39m([38;5;241m0.02[39m, [38;5;241m0.98[39m), xycoords[38;5;241m=[39m[38;5;124m'[39m[38;5;124maxes fraction[39m[38;5;124m'[39m, verticalalignment[38;5;241m=[39m[38;5;124m'[39m[38;5;124mtop[39m[38;5;124m'[39m)
[1;32m     27[0m axes[[38;5;241m0[39m][38;5;241m.[39mset_ylabel([38;5;124m'[39m[38;5;124mSea ice draft (m)[39m[38;5;124m'[39m)
[0;32m---> 28[0m [43maxes[49m[43m[[49m[38;5;241;43m0[39;49m[43m][49m[38;5;241;43m.[39;49m[43mlegend[49m[43m([49m[43mloc[49m[38;5;241;43m=[39;49m[38;5;124;43m'[39;49m[38;5;124;43mupper right[39;49m[38;5;124;43m'[39;49m[43m,[49m[43m [49m[43mframeon[49m[38;5;241;43m=[39;49m[38;5;28;43;01mFalse[39;49;00m[43m,[49m[43m [49m[43mncols[49m[38;5;241;43m=[39;49m[38;5;241;43m3[39;49m[43m)[49m
[1;32m     30[0m [38;5;66;03m# Plot for ULS B[39;00m
[1;32m     31[0m axes[[38;5;241m1[39m][38;5;241m.[39mplot(uls_mean_daily_draft_b[38;5;241m.[39mindex, uls_mean_daily_draft_b, label[38;5;241m=[39m[38;5;124m"[39m[38;5;124mDaily ULS[39m[38;5;124m"[39m, color[38;5;241m=[39m[38;5;124m'[39m[38;5;124mgray[39m[38;5;124m'[39m, linewidth[38;5;241m=[39m[38;5;241m0.6[39m, alpha[38;5;241m=[39m[38;5;241m0.8[39m)

File [0;32m~/miniconda3/envs/is2book_p39_env/lib/python3.9/site-packages/matplotlib/axes/_axes.py:290[0m, in [0;36mAxes.legend[0;34m(self, *args, **kwargs)[0m
[1;32m    288[0m [38;5;28;01mif[39;00m [38;5;28mlen[39m(extra_args):
[1;32m    289[0m     [38;5;28;01mraise[39;00m [38;5;167;01mTypeError[39;00m([38;5;124m'[39m[38;5;124mlegend only accepts two non-keyword arguments[39m[38;5;124m'[39m)
[0;32m--> 290[0m [38;5;28mself[39m[38;5;241m.[39mlegend_ [38;5;241m=[39m [43mmlegend[49m[38;5;241;43m.[39;49m[43mLegend[49m[43m([49m[38;5;28;43mself[39;49m[43m,[49m[43m [49m[43mhandles[49m[43m,[49m[43m [49m[43mlabels[49m[43m,[49m[43m [49m[38;5;241;43m*[39;49m[38;5;241;43m*[39;49m[43mkwargs[49m[43m)[49m
[1;32m    291[0m [38;5;28mself[39m[38;5;241m.[39mlegend_[38;5;241m.[39m_remove_method [38;5;241m=[39m [38;5;28mself[39m[38;5;241m.[39m_remove_legend
[1;32m    292[0m [38;5;28;01mreturn[39;00m [38;5;28mself[39m[38;5;241m.[39mlegend_

[0;31mTypeError[0m: __init__() got an unexpected keyword argument 'ncols'

