Traceback (most recent call last):
  File "/Users/akpetty/miniconda3/envs/is2book_p39_env/lib/python3.9/site-packages/jupyter_cache/executors/utils.py", line 58, in single_nb_execution
    executenb(
  File "/Users/akpetty/miniconda3/envs/is2book_p39_env/lib/python3.9/site-packages/nbclient/client.py", line 1305, in execute
    return NotebookClient(nb=nb, resources=resources, km=km, **kwargs).execute()
  File "/Users/akpetty/miniconda3/envs/is2book_p39_env/lib/python3.9/site-packages/jupyter_core/utils/__init__.py", line 166, in wrapped
    return loop.run_until_complete(inner)
  File "/Users/akpetty/miniconda3/envs/is2book_p39_env/lib/python3.9/asyncio/base_events.py", line 647, in run_until_complete
    return future.result()
  File "/Users/akpetty/miniconda3/envs/is2book_p39_env/lib/python3.9/site-packages/nbclient/client.py", line 705, in async_execute
    await self.async_execute_cell(
  File "/Users/akpetty/miniconda3/envs/is2book_p39_env/lib/python3.9/site-packages/nbclient/client.py", line 1058, in async_execute_cell
    await self._check_raise_for_error(cell, cell_index, exec_reply)
  File "/Users/akpetty/miniconda3/envs/is2book_p39_env/lib/python3.9/site-packages/nbclient/client.py", line 914, in _check_raise_for_error
    raise CellExecutionError.from_cell_and_msg(cell, exec_reply_content)
nbclient.exceptions.CellExecutionError: An error occurred while executing the following cell:
------------------
# Get some map proj info needed for later functions
out_proj = 'EPSG:3411'
mapProj = pyproj.Proj("+init=" + out_proj)

xIS2 = IS2SITMOGR4_v3.x.values
yIS2 = IS2SITMOGR4_v3.y.values
xptsIS2, yptsIS2 = np.meshgrid(xIS2, yIS2)

out_lons = IS2SITMOGR4_v3.longitude.values
out_lats = IS2SITMOGR4_v3.latitude.values

# Set Inner Arctic domain
innerArctic = [1,2,3,4,5,6]
------------------


[0;31m---------------------------------------------------------------------------[0m
[0;31mNameError[0m                                 Traceback (most recent call last)
Cell [0;32mIn[4], line 5[0m
[1;32m      2[0m out_proj [38;5;241m=[39m [38;5;124m'[39m[38;5;124mEPSG:3411[39m[38;5;124m'[39m
[1;32m      3[0m mapProj [38;5;241m=[39m pyproj[38;5;241m.[39mProj([38;5;124m"[39m[38;5;124m+init=[39m[38;5;124m"[39m [38;5;241m+[39m out_proj)
[0;32m----> 5[0m xIS2 [38;5;241m=[39m [43mIS2SITMOGR4_v3[49m[38;5;241m.[39mx[38;5;241m.[39mvalues
[1;32m      6[0m yIS2 [38;5;241m=[39m IS2SITMOGR4_v3[38;5;241m.[39my[38;5;241m.[39mvalues
[1;32m      7[0m xptsIS2, yptsIS2 [38;5;241m=[39m np[38;5;241m.[39mmeshgrid(xIS2, yIS2)

[0;31mNameError[0m: name 'IS2SITMOGR4_v3' is not defined

