Traceback (most recent call last):
  File "/Users/akpetty/miniconda3/envs/is2book_p39_env/lib/python3.9/site-packages/jupyter_cache/executors/utils.py", line 58, in single_nb_execution
    executenb(
  File "/Users/akpetty/miniconda3/envs/is2book_p39_env/lib/python3.9/site-packages/nbclient/client.py", line 1305, in execute
    return NotebookClient(nb=nb, resources=resources, km=km, **kwargs).execute()
  File "/Users/akpetty/miniconda3/envs/is2book_p39_env/lib/python3.9/site-packages/jupyter_core/utils/__init__.py", line 166, in wrapped
    return loop.run_until_complete(inner)
  File "/Users/akpetty/miniconda3/envs/is2book_p39_env/lib/python3.9/asyncio/base_events.py", line 647, in run_until_complete
    return future.result()
  File "/Users/akpetty/miniconda3/envs/is2book_p39_env/lib/python3.9/site-packages/nbclient/client.py", line 705, in async_execute
    await self.async_execute_cell(
  File "/Users/akpetty/miniconda3/envs/is2book_p39_env/lib/python3.9/site-packages/nbclient/client.py", line 1058, in async_execute_cell
    await self._check_raise_for_error(cell, cell_index, exec_reply)
  File "/Users/akpetty/miniconda3/envs/is2book_p39_env/lib/python3.9/site-packages/nbclient/client.py", line 914, in _check_raise_for_error
    raise CellExecutionError.from_cell_and_msg(cell, exec_reply_content)
nbclient.exceptions.CellExecutionError: An error occurred while executing the following cell:
------------------


fig_width=6.8
fig_height=5.4

# Define the figure and axes
fig, axes = plt.subplots(nrows=1, ncols=3, figsize=(15, 4), subplot_kw={'projection': ccrs.NorthPolarStereo()})
i=0
# Iterate over each variable and plot it
for ax, var in zip(axes, variables):
    coarsened_IS2SITMOGR4_v3.sel(time='2019-04-01')[var].plot(ax=ax, x="longitude", y="latitude", transform=ccrs.PlateCarree(),
                        cmap="viridis", zorder=3, add_labels=False,
                        cbar_kwargs={'pad':0.01,'shrink': 0.5,'extend':'both', 
                                  'label':'Snow depth (m)', 'location':'bottom'},
                        vmin=0, vmax=1)
    ax.coastlines(linewidth=0.15, color='black', zorder=2)
    #ax.add_feature(cfeature.LAND, color='0.95', zorder=1)
    ax.gridlines(draw_labels=False, linewidth=0.25, color='gray', alpha=0.7, linestyle='--', zorder=3)
    ax.set_extent([-179, 179, 70, 90], crs=ccrs.PlateCarree())
    ax.text(0.02, 0.93, panel_letters[i]+''+var, transform=ax.transAxes, fontsize=7, va='bottom', ha='left')
    ax.set_title('', fontsize=8)
    i+=1
#plt.subplots_adjust(wspace=0.01) 
plt.savefig('./figs/maps_IB_snow_depth_'+str(grid_size)+'km.png', dpi=300, facecolor="white")
plt.show()
plt.close()

# Adjust layout
plt.tight_layout()
plt.show()
------------------


[0;31m---------------------------------------------------------------------------[0m
[0;31mNameError[0m                                 Traceback (most recent call last)
Cell [0;32mIn[21], line 8[0m
[1;32m      6[0m i[38;5;241m=[39m[38;5;241m0[39m
[1;32m      7[0m [38;5;66;03m# Iterate over each variable and plot it[39;00m
[0;32m----> 8[0m [38;5;28;01mfor[39;00m ax, var [38;5;129;01min[39;00m [38;5;28mzip[39m(axes, [43mvariables[49m):
[1;32m      9[0m     coarsened_IS2SITMOGR4_v3[38;5;241m.[39msel(time[38;5;241m=[39m[38;5;124m'[39m[38;5;124m2019-04-01[39m[38;5;124m'[39m)[var][38;5;241m.[39mplot(ax[38;5;241m=[39max, x[38;5;241m=[39m[38;5;124m"[39m[38;5;124mlongitude[39m[38;5;124m"[39m, y[38;5;241m=[39m[38;5;124m"[39m[38;5;124mlatitude[39m[38;5;124m"[39m, transform[38;5;241m=[39mccrs[38;5;241m.[39mPlateCarree(),
[1;32m     10[0m                         cmap[38;5;241m=[39m[38;5;124m"[39m[38;5;124mviridis[39m[38;5;124m"[39m, zorder[38;5;241m=[39m[38;5;241m3[39m, add_labels[38;5;241m=[39m[38;5;28;01mFalse[39;00m,
[1;32m     11[0m                         cbar_kwargs[38;5;241m=[39m{[38;5;124m'[39m[38;5;124mpad[39m[38;5;124m'[39m:[38;5;241m0.01[39m,[38;5;124m'[39m[38;5;124mshrink[39m[38;5;124m'[39m: [38;5;241m0.5[39m,[38;5;124m'[39m[38;5;124mextend[39m[38;5;124m'[39m:[38;5;124m'[39m[38;5;124mboth[39m[38;5;124m'[39m, 
[1;32m     12[0m                                   [38;5;124m'[39m[38;5;124mlabel[39m[38;5;124m'[39m:[38;5;124m'[39m[38;5;124mSnow depth (m)[39m[38;5;124m'[39m, [38;5;124m'[39m[38;5;124mlocation[39m[38;5;124m'[39m:[38;5;124m'[39m[38;5;124mbottom[39m[38;5;124m'[39m},
[1;32m     13[0m                         vmin[38;5;241m=[39m[38;5;241m0[39m, vmax[38;5;241m=[39m[38;5;241m1[39m)
[1;32m     14[0m     ax[38;5;241m.[39mcoastlines(linewidth[38;5;241m=[39m[38;5;241m0.15[39m, color[38;5;241m=[39m[38;5;124m'[39m[38;5;124mblack[39m[38;5;124m'[39m, zorder[38;5;241m=[39m[38;5;241m2[39m)

[0;31mNameError[0m: name 'variables' is not defined

