Traceback (most recent call last):
  File "/Users/akpetty/miniconda3/envs/is2book_p39_env/lib/python3.9/site-packages/jupyter_cache/executors/utils.py", line 58, in single_nb_execution
    executenb(
  File "/Users/akpetty/miniconda3/envs/is2book_p39_env/lib/python3.9/site-packages/nbclient/client.py", line 1305, in execute
    return NotebookClient(nb=nb, resources=resources, km=km, **kwargs).execute()
  File "/Users/akpetty/miniconda3/envs/is2book_p39_env/lib/python3.9/site-packages/jupyter_core/utils/__init__.py", line 166, in wrapped
    return loop.run_until_complete(inner)
  File "/Users/akpetty/miniconda3/envs/is2book_p39_env/lib/python3.9/asyncio/base_events.py", line 647, in run_until_complete
    return future.result()
  File "/Users/akpetty/miniconda3/envs/is2book_p39_env/lib/python3.9/site-packages/nbclient/client.py", line 705, in async_execute
    await self.async_execute_cell(
  File "/Users/akpetty/miniconda3/envs/is2book_p39_env/lib/python3.9/site-packages/nbclient/client.py", line 1058, in async_execute_cell
    await self._check_raise_for_error(cell, cell_index, exec_reply)
  File "/Users/akpetty/miniconda3/envs/is2book_p39_env/lib/python3.9/site-packages/nbclient/client.py", line 914, in _check_raise_for_error
    raise CellExecutionError.from_cell_and_msg(cell, exec_reply_content)
nbclient.exceptions.CellExecutionError: An error occurred while executing the following cell:
------------------
For the snow_depth_sm, ice_thickness_sm, cs2_sea_ice_thickness_UBRIS variables in the IS2SITMOGR4_v3 dataset, make a new variable in the IS2SITMOGR4_v3 dataset which limits the time range to October through April and add a '_apr' label to the variable
------------------


[0;36m  Cell [0;32mIn[18], line 1[0;36m[0m
[0;31m    For the snow_depth_sm, ice_thickness_sm, cs2_sea_ice_thickness_UBRIS variables in the IS2SITMOGR4_v3 dataset, make a new variable in the IS2SITMOGR4_v3 dataset which limits the time range to October through April and add a '_apr' label to the variable[0m
[0m        ^[0m
[0;31mSyntaxError[0m[0;31m:[0m invalid syntax


