Traceback (most recent call last):
  File "/Users/akpetty/miniconda3/envs/p39m/lib/python3.9/site-packages/jupyter_cache/executors/utils.py", line 58, in single_nb_execution
    executenb(
  File "/Users/akpetty/miniconda3/envs/p39m/lib/python3.9/site-packages/nbclient/client.py", line 1305, in execute
    return NotebookClient(nb=nb, resources=resources, km=km, **kwargs).execute()
  File "/Users/akpetty/miniconda3/envs/p39m/lib/python3.9/site-packages/jupyter_core/utils/__init__.py", line 173, in wrapped
    return loop.run_until_complete(inner)
  File "/Users/akpetty/miniconda3/envs/p39m/lib/python3.9/asyncio/base_events.py", line 647, in run_until_complete
    return future.result()
  File "/Users/akpetty/miniconda3/envs/p39m/lib/python3.9/site-packages/nbclient/client.py", line 705, in async_execute
    await self.async_execute_cell(
  File "/Users/akpetty/miniconda3/envs/p39m/lib/python3.9/site-packages/nbclient/client.py", line 1058, in async_execute_cell
    await self._check_raise_for_error(cell, cell_index, exec_reply)
  File "/Users/akpetty/miniconda3/envs/p39m/lib/python3.9/site-packages/nbclient/client.py", line 914, in _check_raise_for_error
    raise CellExecutionError.from_cell_and_msg(cell, exec_reply_content)
nbclient.exceptions.CellExecutionError: An error occurred while executing the following cell:
------------------
# Read/download the raw IS2SITMOGR4 to include more recent winter

book_ds = read_IS2SITMOGR4()

# Restrict to the Inner Arctic domain 
innerArctic = [1,2,3,4,5,6]
book_ds = book_ds.where(book_ds.region_mask.isin(innerArctic))

book_ds=book_ds['ice_thickness_int']
------------------

----- stdout -----
load zarr from S3 bucket
zarr_path: s3://icesat-2-sea-ice-us-west-2/IS2SITMOGR4_V3/IS2SITMOGR4_V3_201811-202404.zarr
------------------

[0;31m---------------------------------------------------------------------------[0m
[0;31mgaierror[0m                                  Traceback (most recent call last)
File [0;32m~/miniconda3/envs/p39m/lib/python3.9/site-packages/aiohttp/connector.py:1155[0m, in [0;36mTCPConnector._create_direct_connection[0;34m(self, req, traces, timeout, client_error)[0m
[1;32m   1151[0m [38;5;28;01mtry[39;00m:
[1;32m   1152[0m     [38;5;66;03m# Cancelling this lookup should not cancel the underlying lookup[39;00m
[1;32m   1153[0m     [38;5;66;03m#  or else the cancel event will get broadcast to all the waiters[39;00m
[1;32m   1154[0m     [38;5;66;03m#  across all connections.[39;00m
[0;32m-> 1155[0m     hosts [38;5;241m=[39m [38;5;28;01mawait[39;00m asyncio[38;5;241m.[39mshield(host_resolved)
[1;32m   1156[0m [38;5;28;01mexcept[39;00m asyncio[38;5;241m.[39mCancelledError:

File [0;32m~/miniconda3/envs/p39m/lib/python3.9/site-packages/aiohttp/connector.py:874[0m, in [0;36mTCPConnector._resolve_host[0;34m(self, host, port, traces)[0m
[1;32m    872[0m         [38;5;28;01mawait[39;00m trace[38;5;241m.[39msend_dns_resolvehost_start(host)
[0;32m--> 874[0m addrs [38;5;241m=[39m [38;5;28;01mawait[39;00m [38;5;28mself[39m[38;5;241m.[39m_resolver[38;5;241m.[39mresolve(host, port, family[38;5;241m=[39m[38;5;28mself[39m[38;5;241m.[39m_family)
[1;32m    875[0m [38;5;28;01mif[39;00m traces:

File [0;32m~/miniconda3/envs/p39m/lib/python3.9/site-packages/aiohttp/resolver.py:33[0m, in [0;36mThreadedResolver.resolve[0;34m(self, hostname, port, family)[0m
[1;32m     30[0m [38;5;28;01masync[39;00m [38;5;28;01mdef[39;00m [38;5;21mresolve[39m(
[1;32m     31[0m     [38;5;28mself[39m, hostname: [38;5;28mstr[39m, port: [38;5;28mint[39m [38;5;241m=[39m [38;5;241m0[39m, family: [38;5;28mint[39m [38;5;241m=[39m socket[38;5;241m.[39mAF_INET
[1;32m     32[0m ) [38;5;241m-[39m[38;5;241m>[39m List[Dict[[38;5;28mstr[39m, Any]]:
[0;32m---> 33[0m     infos [38;5;241m=[39m [38;5;28;01mawait[39;00m [38;5;28mself[39m[38;5;241m.[39m_loop[38;5;241m.[39mgetaddrinfo(
[1;32m     34[0m         hostname,
[1;32m     35[0m         port,
[1;32m     36[0m         [38;5;28mtype[39m[38;5;241m=[39msocket[38;5;241m.[39mSOCK_STREAM,
[1;32m     37[0m         family[38;5;241m=[39mfamily,
[1;32m     38[0m         flags[38;5;241m=[39msocket[38;5;241m.[39mAI_ADDRCONFIG,
[1;32m     39[0m     )
[1;32m     41[0m     hosts [38;5;241m=[39m []

File [0;32m~/miniconda3/envs/p39m/lib/python3.9/asyncio/base_events.py:861[0m, in [0;36mBaseEventLoop.getaddrinfo[0;34m(self, host, port, family, type, proto, flags)[0m
[1;32m    859[0m     getaddr_func [38;5;241m=[39m socket[38;5;241m.[39mgetaddrinfo
[0;32m--> 861[0m [38;5;28;01mreturn[39;00m [38;5;28;01mawait[39;00m [38;5;28mself[39m[38;5;241m.[39mrun_in_executor(
[1;32m    862[0m     [38;5;28;01mNone[39;00m, getaddr_func, host, port, family, [38;5;28mtype[39m, proto, flags)

File [0;32m~/miniconda3/envs/p39m/lib/python3.9/concurrent/futures/thread.py:58[0m, in [0;36m_WorkItem.run[0;34m(self)[0m
[1;32m     57[0m [38;5;28;01mtry[39;00m:
[0;32m---> 58[0m     result [38;5;241m=[39m [38;5;28;43mself[39;49m[38;5;241;43m.[39;49m[43mfn[49m[43m([49m[38;5;241;43m*[39;49m[38;5;28;43mself[39;49m[38;5;241;43m.[39;49m[43margs[49m[43m,[49m[43m [49m[38;5;241;43m*[39;49m[38;5;241;43m*[39;49m[38;5;28;43mself[39;49m[38;5;241;43m.[39;49m[43mkwargs[49m[43m)[49m
[1;32m     59[0m [38;5;28;01mexcept[39;00m [38;5;167;01mBaseException[39;00m [38;5;28;01mas[39;00m exc:

File [0;32m~/miniconda3/envs/p39m/lib/python3.9/socket.py:954[0m, in [0;36mgetaddrinfo[0;34m(host, port, family, type, proto, flags)[0m
[1;32m    953[0m addrlist [38;5;241m=[39m []
[0;32m--> 954[0m [38;5;28;01mfor[39;00m res [38;5;129;01min[39;00m [43m_socket[49m[38;5;241;43m.[39;49m[43mgetaddrinfo[49m[43m([49m[43mhost[49m[43m,[49m[43m [49m[43mport[49m[43m,[49m[43m [49m[43mfamily[49m[43m,[49m[43m [49m[38;5;28;43mtype[39;49m[43m,[49m[43m [49m[43mproto[49m[43m,[49m[43m [49m[43mflags[49m[43m)[49m:
[1;32m    955[0m     af, socktype, proto, canonname, sa [38;5;241m=[39m res

[0;31mgaierror[0m: [Errno 8] nodename nor servname provided, or not known

The above exception was the direct cause of the following exception:

[0;31mClientConnectorError[0m                      Traceback (most recent call last)
File [0;32m~/miniconda3/envs/p39m/lib/python3.9/site-packages/aiobotocore/httpsession.py:208[0m, in [0;36mAIOHTTPSession.send[0;34m(self, request)[0m
[1;32m    207[0m url [38;5;241m=[39m URL(url, encoded[38;5;241m=[39m[38;5;28;01mTrue[39;00m)
[0;32m--> 208[0m response [38;5;241m=[39m [38;5;28;01mawait[39;00m [38;5;28mself[39m[38;5;241m.[39m_session[38;5;241m.[39mrequest(
[1;32m    209[0m     request[38;5;241m.[39mmethod,
[1;32m    210[0m     url[38;5;241m=[39murl,
[1;32m    211[0m     chunked[38;5;241m=[39mchunked,
[1;32m    212[0m     headers[38;5;241m=[39mheaders_,
[1;32m    213[0m     data[38;5;241m=[39mdata,
[1;32m    214[0m     proxy[38;5;241m=[39mproxy_url,
[1;32m    215[0m     proxy_headers[38;5;241m=[39mproxy_headers,
[1;32m    216[0m )
[1;32m    218[0m http_response [38;5;241m=[39m aiobotocore[38;5;241m.[39mawsrequest[38;5;241m.[39mAioAWSResponse(
[1;32m    219[0m     [38;5;28mstr[39m(response[38;5;241m.[39murl), response[38;5;241m.[39mstatus, response[38;5;241m.[39mheaders, response
[1;32m    220[0m )

File [0;32m~/miniconda3/envs/p39m/lib/python3.9/site-packages/aiohttp/client.py:562[0m, in [0;36mClientSession._request[0;34m(self, method, str_or_url, params, data, json, cookies, headers, skip_auto_headers, auth, allow_redirects, max_redirects, compress, chunked, expect100, raise_for_status, read_until_eof, proxy, proxy_auth, timeout, verify_ssl, fingerprint, ssl_context, ssl, proxy_headers, trace_request_ctx, read_bufsize)[0m
[1;32m    561[0m         [38;5;28;01massert[39;00m [38;5;28mself[39m[38;5;241m.[39m_connector [38;5;129;01mis[39;00m [38;5;129;01mnot[39;00m [38;5;28;01mNone[39;00m
[0;32m--> 562[0m         conn [38;5;241m=[39m [38;5;28;01mawait[39;00m [38;5;28mself[39m[38;5;241m.[39m_connector[38;5;241m.[39mconnect(
[1;32m    563[0m             req, traces[38;5;241m=[39mtraces, timeout[38;5;241m=[39mreal_timeout
[1;32m    564[0m         )
[1;32m    565[0m [38;5;28;01mexcept[39;00m asyncio[38;5;241m.[39mTimeoutError [38;5;28;01mas[39;00m exc:

File [0;32m~/miniconda3/envs/p39m/lib/python3.9/site-packages/aiohttp/connector.py:540[0m, in [0;36mBaseConnector.connect[0;34m(self, req, traces, timeout)[0m
[1;32m    539[0m [38;5;28;01mtry[39;00m:
[0;32m--> 540[0m     proto [38;5;241m=[39m [38;5;28;01mawait[39;00m [38;5;28mself[39m[38;5;241m.[39m_create_connection(req, traces, timeout)
[1;32m    541[0m     [38;5;28;01mif[39;00m [38;5;28mself[39m[38;5;241m.[39m_closed:

File [0;32m~/miniconda3/envs/p39m/lib/python3.9/site-packages/aiohttp/connector.py:901[0m, in [0;36mTCPConnector._create_connection[0;34m(self, req, traces, timeout)[0m
[1;32m    900[0m [38;5;28;01melse[39;00m:
[0;32m--> 901[0m     _, proto [38;5;241m=[39m [38;5;28;01mawait[39;00m [38;5;28mself[39m[38;5;241m.[39m_create_direct_connection(req, traces, timeout)
[1;32m    903[0m [38;5;28;01mreturn[39;00m proto

File [0;32m~/miniconda3/envs/p39m/lib/python3.9/site-packages/aiohttp/connector.py:1169[0m, in [0;36mTCPConnector._create_direct_connection[0;34m(self, req, traces, timeout, client_error)[0m
[1;32m   1167[0m     [38;5;66;03m# in case of proxy it is not ClientProxyConnectionError[39;00m
[1;32m   1168[0m     [38;5;66;03m# it is problem of resolving proxy ip itself[39;00m
[0;32m-> 1169[0m     [38;5;28;01mraise[39;00m ClientConnectorError(req[38;5;241m.[39mconnection_key, exc) [38;5;28;01mfrom[39;00m [38;5;21;01mexc[39;00m
[1;32m   1171[0m last_exc: Optional[[38;5;167;01mException[39;00m] [38;5;241m=[39m [38;5;28;01mNone[39;00m

[0;31mClientConnectorError[0m: Cannot connect to host icesat-2-sea-ice-us-west-2.s3.us-west-2.amazonaws.com:443 ssl:default [nodename nor servname provided, or not known]

During handling of the above exception, another exception occurred:

[0;31mEndpointConnectionError[0m                   Traceback (most recent call last)
Cell [0;32mIn[2], line 3[0m
[1;32m      1[0m [38;5;66;03m# Read/download the raw IS2SITMOGR4 to include more recent winter[39;00m
[0;32m----> 3[0m book_ds [38;5;241m=[39m [43mread_IS2SITMOGR4[49m[43m([49m[43m)[49m
[1;32m      5[0m [38;5;66;03m# Restrict to the Inner Arctic domain [39;00m
[1;32m      6[0m innerArctic [38;5;241m=[39m [[38;5;241m1[39m,[38;5;241m2[39m,[38;5;241m3[39m,[38;5;241m4[39m,[38;5;241m5[39m,[38;5;241m6[39m]

File [0;32m~/GitHub/icesat2-book/content/utils/read_data_utils.py:122[0m, in [0;36mread_IS2SITMOGR4[0;34m(data_type, version, local_data_path, zarr_path, netcdf_s3_path, persist)[0m
[1;32m    119[0m     is2_ds [38;5;241m=[39m is2_ds[38;5;241m.[39massign_coords(latitude[38;5;241m=[39m([[38;5;124m"[39m[38;5;124my[39m[38;5;124m"[39m,[38;5;124m"[39m[38;5;124mx[39m[38;5;124m"[39m], is2_ds[38;5;241m.[39mlatitude[38;5;241m.[39mvalues))
[1;32m    121[0m     [38;5;28;01mif[39;00m persist[38;5;241m==[39m[38;5;28;01mTrue[39;00m:
[0;32m--> 122[0m         is2_ds [38;5;241m=[39m [43mis2_ds[49m[38;5;241;43m.[39;49m[43mpersist[49m[43m([49m[43m)[49m
[1;32m    124[0m     [38;5;28;01mreturn[39;00m is2_ds
[1;32m    126[0m [38;5;28;01mif[39;00m data_type[38;5;241m==[39m[38;5;124m'[39m[38;5;124mnetcdf-s3[39m[38;5;124m'[39m:
[1;32m    127[0m     [38;5;66;03m# Download data from S3 to local bucket[39;00m

File [0;32m~/miniconda3/envs/p39m/lib/python3.9/site-packages/xarray/core/dataset.py:1037[0m, in [0;36mDataset.persist[0;34m(self, **kwargs)[0m
[1;32m   1019[0m [38;5;250m[39m[38;5;124;03m"""Trigger computation, keeping data as dask arrays[39;00m
[1;32m   1020[0m 
[1;32m   1021[0m [38;5;124;03mThis operation can be used to trigger computation on underlying dask[39;00m
[0;32m   (...)[0m
[1;32m   1034[0m [38;5;124;03mdask.persist[39;00m
[1;32m   1035[0m [38;5;124;03m"""[39;00m
[1;32m   1036[0m new [38;5;241m=[39m [38;5;28mself[39m[38;5;241m.[39mcopy(deep[38;5;241m=[39m[38;5;28;01mFalse[39;00m)
[0;32m-> 1037[0m [38;5;28;01mreturn[39;00m [43mnew[49m[38;5;241;43m.[39;49m[43m_persist_inplace[49m[43m([49m[38;5;241;43m*[39;49m[38;5;241;43m*[39;49m[43mkwargs[49m[43m)[49m

File [0;32m~/miniconda3/envs/p39m/lib/python3.9/site-packages/xarray/core/dataset.py:1011[0m, in [0;36mDataset._persist_inplace[0;34m(self, **kwargs)[0m
[1;32m   1008[0m [38;5;28;01mimport[39;00m [38;5;21;01mdask[39;00m
[1;32m   1010[0m [38;5;66;03m# evaluate all the dask arrays simultaneously[39;00m
[0;32m-> 1011[0m evaluated_data [38;5;241m=[39m [43mdask[49m[38;5;241;43m.[39;49m[43mpersist[49m[43m([49m[38;5;241;43m*[39;49m[43mlazy_data[49m[38;5;241;43m.[39;49m[43mvalues[49m[43m([49m[43m)[49m[43m,[49m[43m [49m[38;5;241;43m*[39;49m[38;5;241;43m*[39;49m[43mkwargs[49m[43m)[49m
[1;32m   1013[0m [38;5;28;01mfor[39;00m k, data [38;5;129;01min[39;00m [38;5;28mzip[39m(lazy_data, evaluated_data):
[1;32m   1014[0m     [38;5;28mself[39m[38;5;241m.[39mvariables[k][38;5;241m.[39mdata [38;5;241m=[39m data

File [0;32m~/miniconda3/envs/p39m/lib/python3.9/site-packages/dask/base.py:931[0m, in [0;36mpersist[0;34m(traverse, optimize_graph, scheduler, *args, **kwargs)[0m
[1;32m    928[0m     postpersists[38;5;241m.[39mappend((rebuild, a_keys, state))
[1;32m    930[0m [38;5;28;01mwith[39;00m shorten_traceback():
[0;32m--> 931[0m     results [38;5;241m=[39m [43mschedule[49m[43m([49m[43mdsk[49m[43m,[49m[43m [49m[43mkeys[49m[43m,[49m[43m [49m[38;5;241;43m*[39;49m[38;5;241;43m*[39;49m[43mkwargs[49m[43m)[49m
[1;32m    933[0m d [38;5;241m=[39m [38;5;28mdict[39m([38;5;28mzip[39m(keys, results))
[1;32m    934[0m results2 [38;5;241m=[39m [r({k: d[k] [38;5;28;01mfor[39;00m k [38;5;129;01min[39;00m ks}, [38;5;241m*[39ms) [38;5;28;01mfor[39;00m r, ks, s [38;5;129;01min[39;00m postpersists]

File [0;32m~/miniconda3/envs/p39m/lib/python3.9/site-packages/xarray/core/indexing.py:487[0m, in [0;36mImplicitToExplicitIndexingAdapter.__array__[0;34m(self, dtype)[0m
[1;32m    486[0m [38;5;28;01mdef[39;00m [38;5;21m__array__[39m([38;5;28mself[39m, dtype: np[38;5;241m.[39mtyping[38;5;241m.[39mDTypeLike [38;5;241m=[39m [38;5;28;01mNone[39;00m) [38;5;241m-[39m[38;5;241m>[39m np[38;5;241m.[39mndarray:
[0;32m--> 487[0m     [38;5;28;01mreturn[39;00m np[38;5;241m.[39masarray([38;5;28;43mself[39;49m[38;5;241;43m.[39;49m[43mget_duck_array[49m[43m([49m[43m)[49m, dtype[38;5;241m=[39mdtype)

File [0;32m~/miniconda3/envs/p39m/lib/python3.9/site-packages/xarray/core/indexing.py:490[0m, in [0;36mImplicitToExplicitIndexingAdapter.get_duck_array[0;34m(self)[0m
[1;32m    489[0m [38;5;28;01mdef[39;00m [38;5;21mget_duck_array[39m([38;5;28mself[39m):
[0;32m--> 490[0m     [38;5;28;01mreturn[39;00m [38;5;28;43mself[39;49m[38;5;241;43m.[39;49m[43marray[49m[38;5;241;43m.[39;49m[43mget_duck_array[49m[43m([49m[43m)[49m

File [0;32m~/miniconda3/envs/p39m/lib/python3.9/site-packages/xarray/core/indexing.py:667[0m, in [0;36mCopyOnWriteArray.get_duck_array[0;34m(self)[0m
[1;32m    666[0m [38;5;28;01mdef[39;00m [38;5;21mget_duck_array[39m([38;5;28mself[39m):
[0;32m--> 667[0m     [38;5;28;01mreturn[39;00m [38;5;28;43mself[39;49m[38;5;241;43m.[39;49m[43marray[49m[38;5;241;43m.[39;49m[43mget_duck_array[49m[43m([49m[43m)[49m

File [0;32m~/miniconda3/envs/p39m/lib/python3.9/site-packages/xarray/core/indexing.py:560[0m, in [0;36mLazilyIndexedArray.get_duck_array[0;34m(self)[0m
[1;32m    555[0m [38;5;66;03m# self.array[self.key] is now a numpy array when[39;00m
[1;32m    556[0m [38;5;66;03m# self.array is a BackendArray subclass[39;00m
[1;32m    557[0m [38;5;66;03m# and self.key is BasicIndexer((slice(None, None, None),))[39;00m
[1;32m    558[0m [38;5;66;03m# so we need the explicit check for ExplicitlyIndexed[39;00m
[1;32m    559[0m [38;5;28;01mif[39;00m [38;5;28misinstance[39m(array, ExplicitlyIndexed):
[0;32m--> 560[0m     array [38;5;241m=[39m [43marray[49m[38;5;241;43m.[39;49m[43mget_duck_array[49m[43m([49m[43m)[49m
[1;32m    561[0m [38;5;28;01mreturn[39;00m _wrap_numpy_scalars(array)

File [0;32m~/miniconda3/envs/p39m/lib/python3.9/site-packages/xarray/coding/variables.py:74[0m, in [0;36m_ElementwiseFunctionArray.get_duck_array[0;34m(self)[0m
[1;32m     73[0m [38;5;28;01mdef[39;00m [38;5;21mget_duck_array[39m([38;5;28mself[39m):
[0;32m---> 74[0m     [38;5;28;01mreturn[39;00m [38;5;28mself[39m[38;5;241m.[39mfunc([38;5;28;43mself[39;49m[38;5;241;43m.[39;49m[43marray[49m[38;5;241;43m.[39;49m[43mget_duck_array[49m[43m([49m[43m)[49m)

File [0;32m~/miniconda3/envs/p39m/lib/python3.9/site-packages/xarray/core/indexing.py:554[0m, in [0;36mLazilyIndexedArray.get_duck_array[0;34m(self)[0m
[1;32m    553[0m [38;5;28;01mdef[39;00m [38;5;21mget_duck_array[39m([38;5;28mself[39m):
[0;32m--> 554[0m     array [38;5;241m=[39m [38;5;28;43mself[39;49m[38;5;241;43m.[39;49m[43marray[49m[43m[[49m[38;5;28;43mself[39;49m[38;5;241;43m.[39;49m[43mkey[49m[43m][49m
[1;32m    555[0m     [38;5;66;03m# self.array[self.key] is now a numpy array when[39;00m
[1;32m    556[0m     [38;5;66;03m# self.array is a BackendArray subclass[39;00m
[1;32m    557[0m     [38;5;66;03m# and self.key is BasicIndexer((slice(None, None, None),))[39;00m
[1;32m    558[0m     [38;5;66;03m# so we need the explicit check for ExplicitlyIndexed[39;00m
[1;32m    559[0m     [38;5;28;01mif[39;00m [38;5;28misinstance[39m(array, ExplicitlyIndexed):

File [0;32m~/miniconda3/envs/p39m/lib/python3.9/site-packages/xarray/backends/zarr.py:92[0m, in [0;36mZarrArrayWrapper.__getitem__[0;34m(self, key)[0m
[1;32m     90[0m array [38;5;241m=[39m [38;5;28mself[39m[38;5;241m.[39mget_array()
[1;32m     91[0m [38;5;28;01mif[39;00m [38;5;28misinstance[39m(key, indexing[38;5;241m.[39mBasicIndexer):
[0;32m---> 92[0m     [38;5;28;01mreturn[39;00m [43marray[49m[43m[[49m[43mkey[49m[38;5;241;43m.[39;49m[43mtuple[49m[43m][49m
[1;32m     93[0m [38;5;28;01melif[39;00m [38;5;28misinstance[39m(key, indexing[38;5;241m.[39mVectorizedIndexer):
[1;32m     94[0m     [38;5;28;01mreturn[39;00m array[38;5;241m.[39mvindex[
[1;32m     95[0m         indexing[38;5;241m.[39m_arrayize_vectorized_indexer(key, [38;5;28mself[39m[38;5;241m.[39mshape)[38;5;241m.[39mtuple
[1;32m     96[0m     ]

File [0;32m~/miniconda3/envs/p39m/lib/python3.9/site-packages/zarr/core.py:798[0m, in [0;36mArray.__getitem__[0;34m(self, selection)[0m
[1;32m    796[0m     result [38;5;241m=[39m [38;5;28mself[39m[38;5;241m.[39mvindex[selection]
[1;32m    797[0m [38;5;28;01melif[39;00m is_pure_orthogonal_indexing(pure_selection, [38;5;28mself[39m[38;5;241m.[39mndim):
[0;32m--> 798[0m     result [38;5;241m=[39m [38;5;28;43mself[39;49m[38;5;241;43m.[39;49m[43mget_orthogonal_selection[49m[43m([49m[43mpure_selection[49m[43m,[49m[43m [49m[43mfields[49m[38;5;241;43m=[39;49m[43mfields[49m[43m)[49m
[1;32m    799[0m [38;5;28;01melse[39;00m:
[1;32m    800[0m     result [38;5;241m=[39m [38;5;28mself[39m[38;5;241m.[39mget_basic_selection(pure_selection, fields[38;5;241m=[39mfields)

File [0;32m~/miniconda3/envs/p39m/lib/python3.9/site-packages/zarr/core.py:1080[0m, in [0;36mArray.get_orthogonal_selection[0;34m(self, selection, out, fields)[0m
[1;32m   1077[0m [38;5;66;03m# setup indexer[39;00m
[1;32m   1078[0m indexer [38;5;241m=[39m OrthogonalIndexer(selection, [38;5;28mself[39m)
[0;32m-> 1080[0m [38;5;28;01mreturn[39;00m [38;5;28;43mself[39;49m[38;5;241;43m.[39;49m[43m_get_selection[49m[43m([49m[43mindexer[49m[38;5;241;43m=[39;49m[43mindexer[49m[43m,[49m[43m [49m[43mout[49m[38;5;241;43m=[39;49m[43mout[49m[43m,[49m[43m [49m[43mfields[49m[38;5;241;43m=[39;49m[43mfields[49m[43m)[49m

File [0;32m~/miniconda3/envs/p39m/lib/python3.9/site-packages/zarr/core.py:1343[0m, in [0;36mArray._get_selection[0;34m(self, indexer, out, fields)[0m
[1;32m   1340[0m [38;5;28;01mif[39;00m math[38;5;241m.[39mprod(out_shape) [38;5;241m>[39m [38;5;241m0[39m:
[1;32m   1341[0m     [38;5;66;03m# allow storage to get multiple items at once[39;00m
[1;32m   1342[0m     lchunk_coords, lchunk_selection, lout_selection [38;5;241m=[39m [38;5;28mzip[39m([38;5;241m*[39mindexer)
[0;32m-> 1343[0m     [38;5;28;43mself[39;49m[38;5;241;43m.[39;49m[43m_chunk_getitems[49m[43m([49m
[1;32m   1344[0m [43m        [49m[43mlchunk_coords[49m[43m,[49m
[1;32m   1345[0m [43m        [49m[43mlchunk_selection[49m[43m,[49m
[1;32m   1346[0m [43m        [49m[43mout[49m[43m,[49m
[1;32m   1347[0m [43m        [49m[43mlout_selection[49m[43m,[49m
[1;32m   1348[0m [43m        [49m[43mdrop_axes[49m[38;5;241;43m=[39;49m[43mindexer[49m[38;5;241;43m.[39;49m[43mdrop_axes[49m[43m,[49m
[1;32m   1349[0m [43m        [49m[43mfields[49m[38;5;241;43m=[39;49m[43mfields[49m[43m,[49m
[1;32m   1350[0m [43m    [49m[43m)[49m
[1;32m   1351[0m [38;5;28;01mif[39;00m out[38;5;241m.[39mshape:
[1;32m   1352[0m     [38;5;28;01mreturn[39;00m out

File [0;32m~/miniconda3/envs/p39m/lib/python3.9/site-packages/zarr/core.py:2179[0m, in [0;36mArray._chunk_getitems[0;34m(self, lchunk_coords, lchunk_selection, out, lout_selection, drop_axes, fields)[0m
[1;32m   2177[0m     [38;5;28;01mif[39;00m [38;5;129;01mnot[39;00m [38;5;28misinstance[39m([38;5;28mself[39m[38;5;241m.[39m_meta_array, np[38;5;241m.[39mndarray):
[1;32m   2178[0m         contexts [38;5;241m=[39m ConstantMap(ckeys, constant[38;5;241m=[39mContext(meta_array[38;5;241m=[39m[38;5;28mself[39m[38;5;241m.[39m_meta_array))
[0;32m-> 2179[0m     cdatas [38;5;241m=[39m [38;5;28;43mself[39;49m[38;5;241;43m.[39;49m[43mchunk_store[49m[38;5;241;43m.[39;49m[43mgetitems[49m[43m([49m[43mckeys[49m[43m,[49m[43m [49m[43mcontexts[49m[38;5;241;43m=[39;49m[43mcontexts[49m[43m)[49m
[1;32m   2181[0m [38;5;28;01mfor[39;00m ckey, chunk_select, out_select [38;5;129;01min[39;00m [38;5;28mzip[39m(ckeys, lchunk_selection, lout_selection):
[1;32m   2182[0m     [38;5;28;01mif[39;00m ckey [38;5;129;01min[39;00m cdatas:

File [0;32m~/miniconda3/envs/p39m/lib/python3.9/site-packages/zarr/storage.py:1435[0m, in [0;36mFSStore.getitems[0;34m(self, keys, contexts)[0m
[1;32m   1432[0m     [38;5;28;01mcontinue[39;00m
[1;32m   1433[0m [38;5;28;01melif[39;00m [38;5;28misinstance[39m(v, [38;5;167;01mException[39;00m):
[1;32m   1434[0m     [38;5;66;03m# Raise any other exception[39;00m
[0;32m-> 1435[0m     [38;5;28;01mraise[39;00m v
[1;32m   1436[0m [38;5;28;01melse[39;00m:
[1;32m   1437[0m     [38;5;66;03m# The function calling this method may not recognize the transformed[39;00m
[1;32m   1438[0m     [38;5;66;03m# keys, so we send the values returned by self.map.getitems back into[39;00m
[1;32m   1439[0m     [38;5;66;03m# the original key space.[39;00m
[1;32m   1440[0m     results[keys_transformed[k]] [38;5;241m=[39m v

File [0;32m~/miniconda3/envs/p39m/lib/python3.9/site-packages/fsspec/asyn.py:245[0m, in [0;36m_run_coros_in_chunks.<locals>._run_coro[0;34m(coro, i)[0m
[1;32m    243[0m [38;5;28;01masync[39;00m [38;5;28;01mdef[39;00m [38;5;21m_run_coro[39m(coro, i):
[1;32m    244[0m     [38;5;28;01mtry[39;00m:
[0;32m--> 245[0m         [38;5;28;01mreturn[39;00m [38;5;28;01mawait[39;00m asyncio[38;5;241m.[39mwait_for(coro, timeout[38;5;241m=[39mtimeout), i
[1;32m    246[0m     [38;5;28;01mexcept[39;00m [38;5;167;01mException[39;00m [38;5;28;01mas[39;00m e:
[1;32m    247[0m         [38;5;28;01mif[39;00m [38;5;129;01mnot[39;00m return_exceptions:

File [0;32m~/miniconda3/envs/p39m/lib/python3.9/asyncio/tasks.py:442[0m, in [0;36mwait_for[0;34m(fut, timeout, loop)[0m
[1;32m    437[0m     warnings[38;5;241m.[39mwarn([38;5;124m"[39m[38;5;124mThe loop argument is deprecated since Python 3.8, [39m[38;5;124m"[39m
[1;32m    438[0m                   [38;5;124m"[39m[38;5;124mand scheduled for removal in Python 3.10.[39m[38;5;124m"[39m,
[1;32m    439[0m                   [38;5;167;01mDeprecationWarning[39;00m, stacklevel[38;5;241m=[39m[38;5;241m2[39m)
[1;32m    441[0m [38;5;28;01mif[39;00m timeout [38;5;129;01mis[39;00m [38;5;28;01mNone[39;00m:
[0;32m--> 442[0m     [38;5;28;01mreturn[39;00m [38;5;28;01mawait[39;00m fut
[1;32m    444[0m [38;5;28;01mif[39;00m timeout [38;5;241m<[39m[38;5;241m=[39m [38;5;241m0[39m:
[1;32m    445[0m     fut [38;5;241m=[39m ensure_future(fut, loop[38;5;241m=[39mloop)

File [0;32m~/miniconda3/envs/p39m/lib/python3.9/site-packages/s3fs/core.py:1128[0m, in [0;36mS3FileSystem._cat_file[0;34m(self, path, version_id, start, end)[0m
[1;32m   1125[0m     [38;5;28;01mfinally[39;00m:
[1;32m   1126[0m         resp[[38;5;124m"[39m[38;5;124mBody[39m[38;5;124m"[39m][38;5;241m.[39mclose()
[0;32m-> 1128[0m [38;5;28;01mreturn[39;00m [38;5;28;01mawait[39;00m _error_wrapper(_call_and_read, retries[38;5;241m=[39m[38;5;28mself[39m[38;5;241m.[39mretries)

File [0;32m~/miniconda3/envs/p39m/lib/python3.9/site-packages/s3fs/core.py:145[0m, in [0;36m_error_wrapper[0;34m(func, args, kwargs, retries)[0m
[1;32m    143[0m         err [38;5;241m=[39m e
[1;32m    144[0m err [38;5;241m=[39m translate_boto_error(err)
[0;32m--> 145[0m [38;5;28;01mraise[39;00m err

File [0;32m~/miniconda3/envs/p39m/lib/python3.9/site-packages/s3fs/core.py:113[0m, in [0;36m_error_wrapper[0;34m(func, args, kwargs, retries)[0m
[1;32m    111[0m [38;5;28;01mfor[39;00m i [38;5;129;01min[39;00m [38;5;28mrange[39m(retries):
[1;32m    112[0m     [38;5;28;01mtry[39;00m:
[0;32m--> 113[0m         [38;5;28;01mreturn[39;00m [38;5;28;01mawait[39;00m func([38;5;241m*[39margs, [38;5;241m*[39m[38;5;241m*[39mkwargs)
[1;32m    114[0m     [38;5;28;01mexcept[39;00m S3_RETRYABLE_ERRORS [38;5;28;01mas[39;00m e:
[1;32m    115[0m         err [38;5;241m=[39m e

File [0;32m~/miniconda3/envs/p39m/lib/python3.9/site-packages/s3fs/core.py:1115[0m, in [0;36mS3FileSystem._cat_file.<locals>._call_and_read[0;34m()[0m
[1;32m   1114[0m [38;5;28;01masync[39;00m [38;5;28;01mdef[39;00m [38;5;21m_call_and_read[39m():
[0;32m-> 1115[0m     resp [38;5;241m=[39m [38;5;28;01mawait[39;00m [38;5;28mself[39m[38;5;241m.[39m_call_s3(
[1;32m   1116[0m         [38;5;124m"[39m[38;5;124mget_object[39m[38;5;124m"[39m,
[1;32m   1117[0m         Bucket[38;5;241m=[39mbucket,
[1;32m   1118[0m         Key[38;5;241m=[39mkey,
[1;32m   1119[0m         [38;5;241m*[39m[38;5;241m*[39mversion_id_kw(version_id [38;5;129;01mor[39;00m vers),
[1;32m   1120[0m         [38;5;241m*[39m[38;5;241m*[39mhead,
[1;32m   1121[0m         [38;5;241m*[39m[38;5;241m*[39m[38;5;28mself[39m[38;5;241m.[39mreq_kw,
[1;32m   1122[0m     )
[1;32m   1123[0m     [38;5;28;01mtry[39;00m:
[1;32m   1124[0m         [38;5;28;01mreturn[39;00m [38;5;28;01mawait[39;00m resp[[38;5;124m"[39m[38;5;124mBody[39m[38;5;124m"[39m][38;5;241m.[39mread()

File [0;32m~/miniconda3/envs/p39m/lib/python3.9/site-packages/s3fs/core.py:365[0m, in [0;36mS3FileSystem._call_s3[0;34m(self, method, *akwarglist, **kwargs)[0m
[1;32m    363[0m logger[38;5;241m.[39mdebug([38;5;124m"[39m[38;5;124mCALL: [39m[38;5;132;01m%s[39;00m[38;5;124m - [39m[38;5;132;01m%s[39;00m[38;5;124m - [39m[38;5;132;01m%s[39;00m[38;5;124m"[39m, method[38;5;241m.[39m[38;5;18m__name__[39m, akwarglist, kw2)
[1;32m    364[0m additional_kwargs [38;5;241m=[39m [38;5;28mself[39m[38;5;241m.[39m_get_s3_method_kwargs(method, [38;5;241m*[39makwarglist, [38;5;241m*[39m[38;5;241m*[39mkwargs)
[0;32m--> 365[0m [38;5;28;01mreturn[39;00m [38;5;28;01mawait[39;00m _error_wrapper(
[1;32m    366[0m     method, kwargs[38;5;241m=[39madditional_kwargs, retries[38;5;241m=[39m[38;5;28mself[39m[38;5;241m.[39mretries
[1;32m    367[0m )

File [0;32m~/miniconda3/envs/p39m/lib/python3.9/site-packages/s3fs/core.py:145[0m, in [0;36m_error_wrapper[0;34m(func, args, kwargs, retries)[0m
[1;32m    143[0m         err [38;5;241m=[39m e
[1;32m    144[0m err [38;5;241m=[39m translate_boto_error(err)
[0;32m--> 145[0m [38;5;28;01mraise[39;00m err

File [0;32m~/miniconda3/envs/p39m/lib/python3.9/site-packages/s3fs/core.py:113[0m, in [0;36m_error_wrapper[0;34m(func, args, kwargs, retries)[0m
[1;32m    111[0m [38;5;28;01mfor[39;00m i [38;5;129;01min[39;00m [38;5;28mrange[39m(retries):
[1;32m    112[0m     [38;5;28;01mtry[39;00m:
[0;32m--> 113[0m         [38;5;28;01mreturn[39;00m [38;5;28;01mawait[39;00m func([38;5;241m*[39margs, [38;5;241m*[39m[38;5;241m*[39mkwargs)
[1;32m    114[0m     [38;5;28;01mexcept[39;00m S3_RETRYABLE_ERRORS [38;5;28;01mas[39;00m e:
[1;32m    115[0m         err [38;5;241m=[39m e

File [0;32m~/miniconda3/envs/p39m/lib/python3.9/site-packages/aiobotocore/client.py:366[0m, in [0;36mAioBaseClient._make_api_call[0;34m(self, operation_name, api_params)[0m
[1;32m    362[0m     maybe_compress_request(
[1;32m    363[0m         [38;5;28mself[39m[38;5;241m.[39mmeta[38;5;241m.[39mconfig, request_dict, operation_model
[1;32m    364[0m     )
[1;32m    365[0m     apply_request_checksum(request_dict)
[0;32m--> 366[0m     http, parsed_response [38;5;241m=[39m [38;5;28;01mawait[39;00m [38;5;28mself[39m[38;5;241m.[39m_make_request(
[1;32m    367[0m         operation_model, request_dict, request_context
[1;32m    368[0m     )
[1;32m    370[0m [38;5;28;01mawait[39;00m [38;5;28mself[39m[38;5;241m.[39mmeta[38;5;241m.[39mevents[38;5;241m.[39memit(
[1;32m    371[0m     [38;5;124m'[39m[38;5;124mafter-call.[39m[38;5;132;01m{service_id}[39;00m[38;5;124m.[39m[38;5;132;01m{operation_name}[39;00m[38;5;124m'[39m[38;5;241m.[39mformat(
[1;32m    372[0m         service_id[38;5;241m=[39mservice_id, operation_name[38;5;241m=[39moperation_name
[0;32m   (...)[0m
[1;32m    377[0m     context[38;5;241m=[39mrequest_context,
[1;32m    378[0m )
[1;32m    380[0m [38;5;28;01mif[39;00m http[38;5;241m.[39mstatus_code [38;5;241m>[39m[38;5;241m=[39m [38;5;241m300[39m:

File [0;32m~/miniconda3/envs/p39m/lib/python3.9/site-packages/aiobotocore/client.py:391[0m, in [0;36mAioBaseClient._make_request[0;34m(self, operation_model, request_dict, request_context)[0m
[1;32m    387[0m [38;5;28;01masync[39;00m [38;5;28;01mdef[39;00m [38;5;21m_make_request[39m(
[1;32m    388[0m     [38;5;28mself[39m, operation_model, request_dict, request_context
[1;32m    389[0m ):
[1;32m    390[0m     [38;5;28;01mtry[39;00m:
[0;32m--> 391[0m         [38;5;28;01mreturn[39;00m [38;5;28;01mawait[39;00m [38;5;28mself[39m[38;5;241m.[39m_endpoint[38;5;241m.[39mmake_request(
[1;32m    392[0m             operation_model, request_dict
[1;32m    393[0m         )
[1;32m    394[0m     [38;5;28;01mexcept[39;00m [38;5;167;01mException[39;00m [38;5;28;01mas[39;00m e:
[1;32m    395[0m         [38;5;28;01mawait[39;00m [38;5;28mself[39m[38;5;241m.[39mmeta[38;5;241m.[39mevents[38;5;241m.[39memit(
[1;32m    396[0m             [38;5;124m'[39m[38;5;124mafter-call-error.[39m[38;5;132;01m{service_id}[39;00m[38;5;124m.[39m[38;5;132;01m{operation_name}[39;00m[38;5;124m'[39m[38;5;241m.[39mformat(
[1;32m    397[0m                 service_id[38;5;241m=[39m[38;5;28mself[39m[38;5;241m.[39m_service_model[38;5;241m.[39mservice_id[38;5;241m.[39mhyphenize(),
[0;32m   (...)[0m
[1;32m    401[0m             context[38;5;241m=[39mrequest_context,
[1;32m    402[0m         )

File [0;32m~/miniconda3/envs/p39m/lib/python3.9/site-packages/aiobotocore/endpoint.py:100[0m, in [0;36mAioEndpoint._send_request[0;34m(self, request_dict, operation_model)[0m
[1;32m     96[0m request [38;5;241m=[39m [38;5;28;01mawait[39;00m [38;5;28mself[39m[38;5;241m.[39mcreate_request(request_dict, operation_model)
[1;32m     97[0m success_response, exception [38;5;241m=[39m [38;5;28;01mawait[39;00m [38;5;28mself[39m[38;5;241m.[39m_get_response(
[1;32m     98[0m     request, operation_model, context
[1;32m     99[0m )
[0;32m--> 100[0m [38;5;28;01mwhile[39;00m [38;5;28;01mawait[39;00m [38;5;28mself[39m[38;5;241m.[39m_needs_retry(
[1;32m    101[0m     attempts,
[1;32m    102[0m     operation_model,
[1;32m    103[0m     request_dict,
[1;32m    104[0m     success_response,
[1;32m    105[0m     exception,
[1;32m    106[0m ):
[1;32m    107[0m     attempts [38;5;241m+[39m[38;5;241m=[39m [38;5;241m1[39m
[1;32m    108[0m     [38;5;28mself[39m[38;5;241m.[39m_update_retries_context(context, attempts, success_response)

File [0;32m~/miniconda3/envs/p39m/lib/python3.9/site-packages/aiobotocore/endpoint.py:262[0m, in [0;36mAioEndpoint._needs_retry[0;34m(self, attempts, operation_model, request_dict, response, caught_exception)[0m
[1;32m    260[0m service_id [38;5;241m=[39m operation_model[38;5;241m.[39mservice_model[38;5;241m.[39mservice_id[38;5;241m.[39mhyphenize()
[1;32m    261[0m event_name [38;5;241m=[39m [38;5;124mf[39m[38;5;124m"[39m[38;5;124mneeds-retry.[39m[38;5;132;01m{[39;00mservice_id[38;5;132;01m}[39;00m[38;5;124m.[39m[38;5;132;01m{[39;00moperation_model[38;5;241m.[39mname[38;5;132;01m}[39;00m[38;5;124m"[39m
[0;32m--> 262[0m responses [38;5;241m=[39m [38;5;28;01mawait[39;00m [38;5;28mself[39m[38;5;241m.[39m_event_emitter[38;5;241m.[39memit(
[1;32m    263[0m     event_name,
[1;32m    264[0m     response[38;5;241m=[39mresponse,
[1;32m    265[0m     endpoint[38;5;241m=[39m[38;5;28mself[39m,
[1;32m    266[0m     operation[38;5;241m=[39moperation_model,
[1;32m    267[0m     attempts[38;5;241m=[39mattempts,
[1;32m    268[0m     caught_exception[38;5;241m=[39mcaught_exception,
[1;32m    269[0m     request_dict[38;5;241m=[39mrequest_dict,
[1;32m    270[0m )
[1;32m    271[0m handler_response [38;5;241m=[39m first_non_none_response(responses)
[1;32m    272[0m [38;5;28;01mif[39;00m handler_response [38;5;129;01mis[39;00m [38;5;28;01mNone[39;00m:

File [0;32m~/miniconda3/envs/p39m/lib/python3.9/site-packages/aiobotocore/hooks.py:66[0m, in [0;36mAioHierarchicalEmitter._emit[0;34m(self, event_name, kwargs, stop_on_response)[0m
[1;32m     63[0m logger[38;5;241m.[39mdebug([38;5;124m'[39m[38;5;124mEvent [39m[38;5;132;01m%s[39;00m[38;5;124m: calling handler [39m[38;5;132;01m%s[39;00m[38;5;124m'[39m, event_name, handler)
[1;32m     65[0m [38;5;66;03m# Await the handler if its a coroutine.[39;00m
[0;32m---> 66[0m response [38;5;241m=[39m [38;5;28;01mawait[39;00m resolve_awaitable(handler([38;5;241m*[39m[38;5;241m*[39mkwargs))
[1;32m     67[0m responses[38;5;241m.[39mappend((handler, response))
[1;32m     68[0m [38;5;28;01mif[39;00m stop_on_response [38;5;129;01mand[39;00m response [38;5;129;01mis[39;00m [38;5;129;01mnot[39;00m [38;5;28;01mNone[39;00m:

File [0;32m~/miniconda3/envs/p39m/lib/python3.9/site-packages/aiobotocore/_helpers.py:15[0m, in [0;36mresolve_awaitable[0;34m(obj)[0m
[1;32m     13[0m [38;5;28;01masync[39;00m [38;5;28;01mdef[39;00m [38;5;21mresolve_awaitable[39m(obj):
[1;32m     14[0m     [38;5;28;01mif[39;00m inspect[38;5;241m.[39misawaitable(obj):
[0;32m---> 15[0m         [38;5;28;01mreturn[39;00m [38;5;28;01mawait[39;00m obj
[1;32m     17[0m     [38;5;28;01mreturn[39;00m obj

File [0;32m~/miniconda3/envs/p39m/lib/python3.9/site-packages/aiobotocore/retryhandler.py:107[0m, in [0;36mAioRetryHandler._call[0;34m(self, attempts, response, caught_exception, **kwargs)[0m
[1;32m    104[0m     retries_context [38;5;241m=[39m kwargs[[38;5;124m'[39m[38;5;124mrequest_dict[39m[38;5;124m'[39m][[38;5;124m'[39m[38;5;124mcontext[39m[38;5;124m'[39m][38;5;241m.[39mget([38;5;124m'[39m[38;5;124mretries[39m[38;5;124m'[39m)
[1;32m    105[0m     checker_kwargs[38;5;241m.[39mupdate({[38;5;124m'[39m[38;5;124mretries_context[39m[38;5;124m'[39m: retries_context})
[0;32m--> 107[0m [38;5;28;01mif[39;00m [38;5;28;01mawait[39;00m resolve_awaitable([38;5;28mself[39m[38;5;241m.[39m_checker([38;5;241m*[39m[38;5;241m*[39mchecker_kwargs)):
[1;32m    108[0m     result [38;5;241m=[39m [38;5;28mself[39m[38;5;241m.[39m_action(attempts[38;5;241m=[39mattempts)
[1;32m    109[0m     logger[38;5;241m.[39mdebug([38;5;124m"[39m[38;5;124mRetry needed, action of: [39m[38;5;132;01m%s[39;00m[38;5;124m"[39m, result)

File [0;32m~/miniconda3/envs/p39m/lib/python3.9/site-packages/aiobotocore/_helpers.py:15[0m, in [0;36mresolve_awaitable[0;34m(obj)[0m
[1;32m     13[0m [38;5;28;01masync[39;00m [38;5;28;01mdef[39;00m [38;5;21mresolve_awaitable[39m(obj):
[1;32m     14[0m     [38;5;28;01mif[39;00m inspect[38;5;241m.[39misawaitable(obj):
[0;32m---> 15[0m         [38;5;28;01mreturn[39;00m [38;5;28;01mawait[39;00m obj
[1;32m     17[0m     [38;5;28;01mreturn[39;00m obj

File [0;32m~/miniconda3/envs/p39m/lib/python3.9/site-packages/aiobotocore/retryhandler.py:126[0m, in [0;36mAioMaxAttemptsDecorator._call[0;34m(self, attempt_number, response, caught_exception, retries_context)[0m
[1;32m    121[0m [38;5;28;01mif[39;00m retries_context:
[1;32m    122[0m     retries_context[[38;5;124m'[39m[38;5;124mmax[39m[38;5;124m'[39m] [38;5;241m=[39m [38;5;28mmax[39m(
[1;32m    123[0m         retries_context[38;5;241m.[39mget([38;5;124m'[39m[38;5;124mmax[39m[38;5;124m'[39m, [38;5;241m0[39m), [38;5;28mself[39m[38;5;241m.[39m_max_attempts
[1;32m    124[0m     )
[0;32m--> 126[0m should_retry [38;5;241m=[39m [38;5;28;01mawait[39;00m [38;5;28mself[39m[38;5;241m.[39m_should_retry(
[1;32m    127[0m     attempt_number, response, caught_exception
[1;32m    128[0m )
[1;32m    129[0m [38;5;28;01mif[39;00m should_retry:
[1;32m    130[0m     [38;5;28;01mif[39;00m attempt_number [38;5;241m>[39m[38;5;241m=[39m [38;5;28mself[39m[38;5;241m.[39m_max_attempts:
[1;32m    131[0m         [38;5;66;03m# explicitly set MaxAttemptsReached[39;00m

File [0;32m~/miniconda3/envs/p39m/lib/python3.9/site-packages/aiobotocore/retryhandler.py:165[0m, in [0;36mAioMaxAttemptsDecorator._should_retry[0;34m(self, attempt_number, response, caught_exception)[0m
[1;32m    161[0m         [38;5;28;01mreturn[39;00m [38;5;28;01mTrue[39;00m
[1;32m    162[0m [38;5;28;01melse[39;00m:
[1;32m    163[0m     [38;5;66;03m# If we've exceeded the max attempts we just let the exception[39;00m
[1;32m    164[0m     [38;5;66;03m# propagate if one has occurred.[39;00m
[0;32m--> 165[0m     [38;5;28;01mreturn[39;00m [38;5;28;01mawait[39;00m resolve_awaitable(
[1;32m    166[0m         [38;5;28mself[39m[38;5;241m.[39m_checker(attempt_number, response, caught_exception)
[1;32m    167[0m     )

File [0;32m~/miniconda3/envs/p39m/lib/python3.9/site-packages/aiobotocore/_helpers.py:15[0m, in [0;36mresolve_awaitable[0;34m(obj)[0m
[1;32m     13[0m [38;5;28;01masync[39;00m [38;5;28;01mdef[39;00m [38;5;21mresolve_awaitable[39m(obj):
[1;32m     14[0m     [38;5;28;01mif[39;00m inspect[38;5;241m.[39misawaitable(obj):
[0;32m---> 15[0m         [38;5;28;01mreturn[39;00m [38;5;28;01mawait[39;00m obj
[1;32m     17[0m     [38;5;28;01mreturn[39;00m obj

File [0;32m~/miniconda3/envs/p39m/lib/python3.9/site-packages/aiobotocore/retryhandler.py:174[0m, in [0;36mAioMultiChecker._call[0;34m(self, attempt_number, response, caught_exception)[0m
[1;32m    171[0m [38;5;28;01masync[39;00m [38;5;28;01mdef[39;00m [38;5;21m_call[39m([38;5;28mself[39m, attempt_number, response, caught_exception):
[1;32m    172[0m     [38;5;28;01mfor[39;00m checker [38;5;129;01min[39;00m [38;5;28mself[39m[38;5;241m.[39m_checkers:
[1;32m    173[0m         checker_response [38;5;241m=[39m [38;5;28;01mawait[39;00m resolve_awaitable(
[0;32m--> 174[0m             [43mchecker[49m[43m([49m[43mattempt_number[49m[43m,[49m[43m [49m[43mresponse[49m[43m,[49m[43m [49m[43mcaught_exception[49m[43m)[49m
[1;32m    175[0m         )
[1;32m    176[0m         [38;5;28;01mif[39;00m checker_response:
[1;32m    177[0m             [38;5;28;01mreturn[39;00m checker_response

File [0;32m~/miniconda3/envs/p39m/lib/python3.9/site-packages/botocore/retryhandler.py:247[0m, in [0;36mBaseChecker.__call__[0;34m(self, attempt_number, response, caught_exception)[0m
[1;32m    245[0m     [38;5;28;01mreturn[39;00m [38;5;28mself[39m[38;5;241m.[39m_check_response(attempt_number, response)
[1;32m    246[0m [38;5;28;01melif[39;00m caught_exception [38;5;129;01mis[39;00m [38;5;129;01mnot[39;00m [38;5;28;01mNone[39;00m:
[0;32m--> 247[0m     [38;5;28;01mreturn[39;00m [38;5;28;43mself[39;49m[38;5;241;43m.[39;49m[43m_check_caught_exception[49m[43m([49m
[1;32m    248[0m [43m        [49m[43mattempt_number[49m[43m,[49m[43m [49m[43mcaught_exception[49m
[1;32m    249[0m [43m    [49m[43m)[49m
[1;32m    250[0m [38;5;28;01melse[39;00m:
[1;32m    251[0m     [38;5;28;01mraise[39;00m [38;5;167;01mValueError[39;00m([38;5;124m"[39m[38;5;124mBoth response and caught_exception are None.[39m[38;5;124m"[39m)

File [0;32m~/miniconda3/envs/p39m/lib/python3.9/site-packages/botocore/retryhandler.py:416[0m, in [0;36mExceptionRaiser._check_caught_exception[0;34m(self, attempt_number, caught_exception)[0m
[1;32m    408[0m [38;5;28;01mdef[39;00m [38;5;21m_check_caught_exception[39m([38;5;28mself[39m, attempt_number, caught_exception):
[1;32m    409[0m     [38;5;66;03m# This is implementation specific, but this class is useful by[39;00m
[1;32m    410[0m     [38;5;66;03m# coordinating with the MaxAttemptsDecorator.[39;00m
[0;32m   (...)[0m
[1;32m    414[0m     [38;5;66;03m# the MaxAttemptsDecorator is not interested in retrying the exception[39;00m
[1;32m    415[0m     [38;5;66;03m# then this exception just propogates out past the retry code.[39;00m
[0;32m--> 416[0m     [38;5;28;01mraise[39;00m caught_exception

File [0;32m~/miniconda3/envs/p39m/lib/python3.9/site-packages/aiobotocore/endpoint.py:181[0m, in [0;36mAioEndpoint._do_get_response[0;34m(self, request, operation_model, context)[0m
[1;32m    179[0m     http_response [38;5;241m=[39m first_non_none_response(responses)
[1;32m    180[0m     [38;5;28;01mif[39;00m http_response [38;5;129;01mis[39;00m [38;5;28;01mNone[39;00m:
[0;32m--> 181[0m         http_response [38;5;241m=[39m [38;5;28;01mawait[39;00m [38;5;28mself[39m[38;5;241m.[39m_send(request)
[1;32m    182[0m [38;5;28;01mexcept[39;00m HTTPClientError [38;5;28;01mas[39;00m e:
[1;32m    183[0m     [38;5;28;01mreturn[39;00m ([38;5;28;01mNone[39;00m, e)

File [0;32m~/miniconda3/envs/p39m/lib/python3.9/site-packages/aiobotocore/endpoint.py:285[0m, in [0;36mAioEndpoint._send[0;34m(self, request)[0m
[1;32m    284[0m [38;5;28;01masync[39;00m [38;5;28;01mdef[39;00m [38;5;21m_send[39m([38;5;28mself[39m, request):
[0;32m--> 285[0m     [38;5;28;01mreturn[39;00m [38;5;28;01mawait[39;00m [38;5;28mself[39m[38;5;241m.[39mhttp_session[38;5;241m.[39msend(request)

File [0;32m~/miniconda3/envs/p39m/lib/python3.9/site-packages/aiobotocore/httpsession.py:253[0m, in [0;36mAIOHTTPSession.send[0;34m(self, request)[0m
[1;32m    247[0m         [38;5;28;01mraise[39;00m ReadTimeoutError(endpoint_url[38;5;241m=[39mrequest[38;5;241m.[39murl, error[38;5;241m=[39me)
[1;32m    248[0m [38;5;28;01mexcept[39;00m (
[1;32m    249[0m     ClientConnectorError,
[1;32m    250[0m     ClientConnectionError,
[1;32m    251[0m     socket[38;5;241m.[39mgaierror,
[1;32m    252[0m ) [38;5;28;01mas[39;00m e:
[0;32m--> 253[0m     [38;5;28;01mraise[39;00m EndpointConnectionError(endpoint_url[38;5;241m=[39mrequest[38;5;241m.[39murl, error[38;5;241m=[39me)
[1;32m    254[0m [38;5;28;01mexcept[39;00m asyncio[38;5;241m.[39mTimeoutError [38;5;28;01mas[39;00m e:
[1;32m    255[0m     [38;5;28;01mraise[39;00m ReadTimeoutError(endpoint_url[38;5;241m=[39mrequest[38;5;241m.[39murl, error[38;5;241m=[39me)

[0;31mEndpointConnectionError[0m: Could not connect to the endpoint URL: "https://icesat-2-sea-ice-us-west-2.s3.us-west-2.amazonaws.com/IS2SITMOGR4_V3/IS2SITMOGR4_V3_201811-202404.zarr/ice_thickness_unc_snow_depth/34.0.0"

