Traceback (most recent call last):
  File "/Users/akpetty/miniconda3/envs/is2book_p39_env/lib/python3.9/site-packages/jupyter_cache/executors/utils.py", line 58, in single_nb_execution
    executenb(
  File "/Users/akpetty/miniconda3/envs/is2book_p39_env/lib/python3.9/site-packages/nbclient/client.py", line 1305, in execute
    return NotebookClient(nb=nb, resources=resources, km=km, **kwargs).execute()
  File "/Users/akpetty/miniconda3/envs/is2book_p39_env/lib/python3.9/site-packages/jupyter_core/utils/__init__.py", line 166, in wrapped
    return loop.run_until_complete(inner)
  File "/Users/akpetty/miniconda3/envs/is2book_p39_env/lib/python3.9/asyncio/base_events.py", line 647, in run_until_complete
    return future.result()
  File "/Users/akpetty/miniconda3/envs/is2book_p39_env/lib/python3.9/site-packages/nbclient/client.py", line 705, in async_execute
    await self.async_execute_cell(
  File "/Users/akpetty/miniconda3/envs/is2book_p39_env/lib/python3.9/site-packages/nbclient/client.py", line 1058, in async_execute_cell
    await self._check_raise_for_error(cell, cell_index, exec_reply)
  File "/Users/akpetty/miniconda3/envs/is2book_p39_env/lib/python3.9/site-packages/nbclient/client.py", line 914, in _check_raise_for_error
    raise CellExecutionError.from_cell_and_msg(cell, exec_reply_content)
nbclient.exceptions.CellExecutionError: An error occurred while executing the following cell:
------------------
# Regular Python library imports 
import xarray as xr 
import numpy as np
import pandas as pd
import pyproj
import scipy.interpolate
import matplotlib.pyplot as plt
import glob
from datetime import datetime
import cartopy.crs as ccrs
import cartopy.feature as cfeature
import os

# Helper functions for reading the data from the bucket and plotting
from utils.read_data_utils import read_IS2SITMOGR4, read_book_data
from utils.plotting_utils import static_winter_comparison_lineplot, staticArcticMaps, interactiveArcticMaps, compute_gridcell_winter_means, interactive_winter_comparison_lineplot # Plotting utils 
from extra_funcs import read_IS2SITMOGR4S, regrid_ubris_to_is2, get_cs2is2_snow, apply_interpolation_time
# Plotting dependencies
#%config InlineBackend.figure_format = 'retina'
import matplotlib as mpl

# Remove warnings to improve display
import warnings 
warnings.filterwarnings('ignore') 

# Get the current working directory
current_directory = os.getcwd()
------------------


[0;31m---------------------------------------------------------------------------[0m
[0;31mModuleNotFoundError[0m                       Traceback (most recent call last)
Cell [0;32mIn[1], line 17[0m
[1;32m     15[0m [38;5;28;01mfrom[39;00m [38;5;21;01mutils[39;00m[38;5;21;01m.[39;00m[38;5;21;01mread_data_utils[39;00m [38;5;28;01mimport[39;00m read_IS2SITMOGR4, read_book_data
[1;32m     16[0m [38;5;28;01mfrom[39;00m [38;5;21;01mutils[39;00m[38;5;21;01m.[39;00m[38;5;21;01mplotting_utils[39;00m [38;5;28;01mimport[39;00m static_winter_comparison_lineplot, staticArcticMaps, interactiveArcticMaps, compute_gridcell_winter_means, interactive_winter_comparison_lineplot [38;5;66;03m# Plotting utils [39;00m
[0;32m---> 17[0m [38;5;28;01mfrom[39;00m [38;5;21;01mextra_funcs[39;00m [38;5;28;01mimport[39;00m read_IS2SITMOGR4S, regrid_ubris_to_is2, get_cs2is2_snow, apply_interpolation_time
[1;32m     18[0m [38;5;66;03m# Plotting dependencies[39;00m
[1;32m     19[0m [38;5;66;03m#%config InlineBackend.figure_format = 'retina'[39;00m
[1;32m     20[0m [38;5;28;01mimport[39;00m [38;5;21;01mmatplotlib[39;00m [38;5;28;01mas[39;00m [38;5;21;01mmpl[39;00m

[0;31mModuleNotFoundError[0m: No module named 'extra_funcs'

